[2m2026-09-17T12:08:56.697914[0m [[32m[1minfo     [0m] [1mCommand-line arguments        [0m [36mfocus[0m=[35m[][0m [36mlog_file[0m=[35mNone[0m [36mname[0m=[35mContracts[0m [36moutput[0m=[35mresult.json[0m [36mrepos[0m=[35m['/dataset/vulnerables/BatchedBancorMarketMaker/'][0m
[2m2026-09-17T12:08:56.701177[0m [[32m[1minfo     [0m] [1mAnalysis configuration        [0m [36mfunction_timeout[0m=[35minfs[0m [36mpair_timeout[0m=[35minfs[0m [36msolver_timeout[0m=[35m60.00s[0m
[2m2026-09-17T12:08:56.701909[0m [[32m[1minfo     [0m] [1mAnalysis started              [0m [36mgroup[0m=[35mContracts[0m
[2m2026-09-17T12:08:56.702191[0m [[32m[1minfo     [0m] [1mPhase 0 analysis started      [0m [36mgroup[0m=[35mContracts[0m
[2m2026-09-17T12:08:56.702449[0m [[32m[1minfo     [0m] [1mCompiling and analyzing contracts using Slither...[0m [36mgroup[0m=[35mContracts[0m [36mpath[0m=[35m/dataset/vulnerables/BatchedBancorMarketMaker[0m [36mphase[0m=[35m0[0m [36mrepo[0m=[35mBatchedBancorMarketMaker[0m
[2m2026-09-17T12:08:56.704387[0m [[32m[1minfo     [0m] [1m'/root/.solc-select/artifacts/solc-0.4.24/solc-0.4.24 --version' running[0m
[2m2026-09-17T12:08:56.735438[0m [[32m[1minfo     [0m] [1m'/root/.solc-select/artifacts/solc-0.4.24/solc-0.4.24 BatchedBancorMarketMaker.sol --combined-json abi,ast,bin,bin-runtime,srcmap,srcmap-runtime,userdoc,devdoc,hashes,compact-format --optimize --allow-paths .,/nyx' running[0m
[2m2026-09-17T12:09:03.184379[0m [[32m[1minfo     [0m] [1mPhase 0 analysis finished     [0m [36mgroup[0m=[35mContracts[0m [36mpairs[0m=[35m1711[0m [36mtime[0m=[35m6.48s[0m
[2m2026-09-17T12:09:03.184813[0m [[32m[1minfo     [0m] [1mPhase 1 analysis started      [0m [36mgroup[0m=[35mContracts[0m
[2m2026-09-17T12:09:04.723706[0m [[32m[1minfo     [0m] [1mHybrid flow graph built       [0m [36mgroup[0m=[35mContracts[0m [36mphase[0m=[35m1[0m [36mtime[0m=[35m1.54s[0m
[2m2026-09-17T12:09:10.847611[0m [[32m[1minfo     [0m] [1mPotential vulnerable function pairs collected[0m [36mgroup[0m=[35mContracts[0m [36mpairs[0m=[35m7[0m [36mphase[0m=[35m1[0m [36mtime[0m=[35m6.12s[0m
[2m2026-09-17T12:09:10.848017[0m [[32m[1minfo     [0m] [1mPhase 1 analysis finished     [0m [36mgroup[0m=[35mContracts[0m [36mpairs[0m=[35m7[0m [36mtime[0m=[35m7.66s[0m
[2m2026-09-17T12:09:10.848244[0m [[32m[1minfo     [0m] [1mPhase 2 analysis started      [0m [36mgroup[0m=[35mContracts[0m
[2m2026-09-17T12:09:22.648988[0m [[32m[1minfo     [0m] [1mValidating 1/7                [0m [36mfn1[0m=[35mBatchedBancorMarketMaker.openBuyOrder(address,address,uint256)[0m [36mfn2[0m=[35mBatchedBancorMarketMaker.openBuyOrder(address,address,uint256)[0m [36mgroup[0m=[35mContracts[0m [36mphase[0m=[35m2[0m
[2m2026-09-17T12:11:32.583130[0m [[32m[1minfo     [0m] [1mValidated 1/7                 [0m [36mfn1[0m=[35mBatchedBancorMarketMaker.openBuyOrder(address,address,uint256)[0m [36mfn2[0m=[35mBatchedBancorMarketMaker.openBuyOrder(address,address,uint256)[0m [36mgroup[0m=[35mContracts[0m [36mphase[0m=[35m2[0m [36mresult[0m=[35msolver_timeout[0m [36mtime[0m=[35m129.92s[0m
[2m2026-09-17T12:11:32.608172[0m [[32m[1minfo     [0m] [1mValidating 2/7                [0m [36mfn1[0m=[35mBatchedBancorMarketMaker.openBuyOrder(address,address,uint256)[0m [36mfn2[0m=[35mBatchedBancorMarketMaker.claimSellOrder(address,uint256,address)[0m [36mgroup[0m=[35mContracts[0m [36mphase[0m=[35m2[0m
[2m2026-09-17T12:13:17.344933[0m [[32m[1minfo     [0m] [1mValidated 2/7                 [0m [36mfn1[0m=[35mBatchedBancorMarketMaker.openBuyOrder(address,address,uint256)[0m [36mfn2[0m=[35mBatchedBancorMarketMaker.claimSellOrder(address,uint256,address)[0m [36mgroup[0m=[35mContracts[0m [36mphase[0m=[35m2[0m [36mresult[0m=[35msolver_timeout[0m [36mtime[0m=[35m104.73s[0m
[2m2026-09-17T12:13:17.348165[0m [[32m[1minfo     [0m] [1mValidating 3/7                [0m [36mfn1[0m=[35mBatchedBancorMarketMaker.openBuyOrder(address,address,uint256)[0m [36mfn2[0m=[35mBatchedBancorMarketMaker.claimCancelledBuyOrder(address,uint256,address)[0m [36mgroup[0m=[35mContracts[0m [36mphase[0m=[35m2[0m
[2m2026-09-17T12:14:58.575941[0m [[32m[1minfo     [0m] [1mValidated 3/7                 [0m [36mfn1[0m=[35mBatchedBancorMarketMaker.openBuyOrder(address,address,uint256)[0m [36mfn2[0m=[35mBatchedBancorMarketMaker.claimCancelledBuyOrder(address,uint256,address)[0m [36mgroup[0m=[35mContracts[0m [36mphase[0m=[35m2[0m [36mresult[0m=[35msolver_timeout[0m [36mtime[0m=[35m101.22s[0m
[2m2026-09-17T12:14:58.582497[0m [[32m[1minfo     [0m] [1mValidating 4/7                [0m [36mfn1[0m=[35mBatchedBancorMarketMaker.claimSellOrder(address,uint256,address)[0m [36mfn2[0m=[35mBatchedBancorMarketMaker.claimSellOrder(address,uint256,address)[0m [36mgroup[0m=[35mContracts[0m [36mphase[0m=[35m2[0m
[2m2026-09-17T12:15:40.568916[0m [[32m[1minfo     [0m] [1mValidated 4/7                 [0m [36mfn1[0m=[35mBatchedBancorMarketMaker.claimSellOrder(address,uint256,address)[0m [36mfn2[0m=[35mBatchedBancorMarketMaker.claimSellOrder(address,uint256,address)[0m [36mgroup[0m=[35mContracts[0m [36mphase[0m=[35m2[0m [36mresult[0m=[35mvulnerable[0m [36mtime[0m=[35m41.98s[0m
[2m2026-09-17T12:15:40.569882[0m [[32m[1minfo     [0m] [1mValidating 5/7                [0m [36mfn1[0m=[35mBatchedBancorMarketMaker.claimSellOrder(address,uint256,address)[0m [36mfn2[0m=[35mBatchedBancorMarketMaker.claimCancelledBuyOrder(address,uint256,address)[0m [36mgroup[0m=[35mContracts[0m [36mphase[0m=[35m2[0m
[2m2026-09-17T12:16:21.752141[0m [[32m[1minfo     [0m] [1mValidated 5/7                 [0m [36mfn1[0m=[35mBatchedBancorMarketMaker.claimSellOrder(address,uint256,address)[0m [36mfn2[0m=[35mBatchedBancorMarketMaker.claimCancelledBuyOrder(address,uint256,address)[0m [36mgroup[0m=[35mContracts[0m [36mphase[0m=[35m2[0m [36mresult[0m=[35mvulnerable[0m [36mtime[0m=[35m41.18s[0m
[2m2026-09-17T12:16:21.756526[0m [[32m[1minfo     [0m] [1mValidating 6/7                [0m [36mfn1[0m=[35mBatchedBancorMarketMaker.claimCancelledBuyOrder(address,uint256,address)[0m [36mfn2[0m=[35mBatchedBancorMarketMaker.claimCancelledBuyOrder(address,uint256,address)[0m [36mgroup[0m=[35mContracts[0m [36mphase[0m=[35m2[0m
[2m2026-09-17T12:17:19.279354[0m [[32m[1minfo     [0m] [1mValidated 6/7                 [0m [36mfn1[0m=[35mBatchedBancorMarketMaker.claimCancelledBuyOrder(address,uint256,address)[0m [36mfn2[0m=[35mBatchedBancorMarketMaker.claimCancelledBuyOrder(address,uint256,address)[0m [36mgroup[0m=[35mContracts[0m [36mphase[0m=[35m2[0m [36mresult[0m=[35mvulnerable[0m [36mtime[0m=[35m57.52s[0m
[2m2026-09-17T12:17:19.283237[0m [[32m[1minfo     [0m] [1mValidating 7/7                [0m [36mfn1[0m=[35mTokenManager.assignVested(address,uint256,uint64,uint64,uint64,bool)[0m [36mfn2[0m=[35mTokenManager.assignVested(address,uint256,uint64,uint64,uint64,bool)[0m [36mgroup[0m=[35mContracts[0m [36mphase[0m=[35m2[0m
[2m2026-09-17T12:18:35.659971[0m [[32m[1minfo     [0m] [1mValidated 7/7                 [0m [36mfn1[0m=[35mTokenManager.assignVested(address,uint256,uint64,uint64,uint64,bool)[0m [36mfn2[0m=[35mTokenManager.assignVested(address,uint256,uint64,uint64,uint64,bool)[0m [36mgroup[0m=[35mContracts[0m [36mphase[0m=[35m2[0m [36mresult[0m=[35mvulnerable[0m [36mtime[0m=[35m76.37s[0m
[2m2026-09-17T12:18:35.663060[0m [[32m[1minfo     [0m] [1mPhase 2 analysis finished     [0m [36mgroup[0m=[35mContracts[0m [36mnegatives[0m=[35m0[0m [36mpositives[0m=[35m4[0m [36mtime[0m=[35m564.81s[0m [36munknowns[0m=[35m3[0m
[2m2026-09-17T12:18:35.670562[0m [[32m[1minfo     [0m] [1mAnalysis result written       [0m [36mgroup[0m=[35mContracts[0m [36moutput[0m=[35mresult.json[0m
[2m2026-09-17T12:18:35.672893[0m [[32m[1minfo     [0m] [1mAnalysis finished             [0m [36mgroup[0m=[35mContracts[0m [36mpairs[0m=[35m4[0m [36mtime[0m=[35m578.9709393978119[0m
[2m2026-09-17T12:18:35.677078[0m [[32m[1minfo     [0m] [1mProfiling result              [0m [36mresult[0m=[35m'{"total_time": 578.9738087654114, "phase0_time": 6.480177640914917, "phase1_time": 7.662917375564575, "phase2_time": 564.8144991397858, "hfg_time": 1.5393264293670654, "prune_time": 6.123582601547241, "summarization_time": 52.23867440223694, "application_time": 234.59991884231567, "solving_time": 196.85159182548523, "full_pairs": 1711, "candidate_pairs": 7, "positives": 4, "negatives": 0, "unknowns": 3}'[0m
