[2m2026-09-17T12:18:46.355621[0m [[32m[1minfo     [0m] [1mCommand-line arguments        [0m [36mfocus[0m=[35m[][0m [36mlog_file[0m=[35mNone[0m [36mname[0m=[35mContracts[0m [36moutput[0m=[35mresult.json[0m [36mrepos[0m=[35m['/dataset/vulnerables/ETHRegistrarController/'][0m
[2m2026-09-17T12:18:46.359623[0m [[32m[1minfo     [0m] [1mAnalysis configuration        [0m [36mfunction_timeout[0m=[35minfs[0m [36mpair_timeout[0m=[35minfs[0m [36msolver_timeout[0m=[35m60.00s[0m
[2m2026-09-17T12:18:46.361280[0m [[32m[1minfo     [0m] [1mAnalysis started              [0m [36mgroup[0m=[35mContracts[0m
[2m2026-09-17T12:18:46.361726[0m [[32m[1minfo     [0m] [1mPhase 0 analysis started      [0m [36mgroup[0m=[35mContracts[0m
[2m2026-09-17T12:18:46.362168[0m [[32m[1minfo     [0m] [1mCompiling and analyzing contracts using Slither...[0m [36mgroup[0m=[35mContracts[0m [36mpath[0m=[35m/dataset/vulnerables/ETHRegistrarController[0m [36mphase[0m=[35m0[0m [36mrepo[0m=[35mETHRegistrarController[0m
[2m2026-09-17T12:18:46.367191[0m [[32m[1minfo     [0m] [1m'/root/.solc-select/artifacts/solc-0.5.0/solc-0.5.0 --version' running[0m
[2m2026-09-17T12:18:46.417348[0m [[32m[1minfo     [0m] [1m'/root/.solc-select/artifacts/solc-0.5.0/solc-0.5.0 ETHRegistrarController.sol --combined-json abi,ast,bin,bin-runtime,srcmap,srcmap-runtime,userdoc,devdoc,hashes,compact-format --optimize --allow-paths .,/nyx' running[0m
[2m2026-09-17T12:18:48.653842[0m [[32m[1minfo     [0m] [1mPhase 0 analysis finished     [0m [36mgroup[0m=[35mContracts[0m [36mpairs[0m=[35m990[0m [36mtime[0m=[35m2.29s[0m
[2m2026-09-17T12:18:48.654481[0m [[32m[1minfo     [0m] [1mPhase 1 analysis started      [0m [36mgroup[0m=[35mContracts[0m
[2m2026-09-17T12:18:48.869168[0m [[32m[1minfo     [0m] [1mHybrid flow graph built       [0m [36mgroup[0m=[35mContracts[0m [36mphase[0m=[35m1[0m [36mtime[0m=[35m0.21s[0m
[2m2026-09-17T12:18:49.852708[0m [[32m[1minfo     [0m] [1mPotential vulnerable function pairs collected[0m [36mgroup[0m=[35mContracts[0m [36mpairs[0m=[35m23[0m [36mphase[0m=[35m1[0m [36mtime[0m=[35m0.98s[0m
[2m2026-09-17T12:18:49.853290[0m [[32m[1minfo     [0m] [1mPhase 1 analysis finished     [0m [36mgroup[0m=[35mContracts[0m [36mpairs[0m=[35m23[0m [36mtime[0m=[35m1.20s[0m
[2m2026-09-17T12:18:49.853715[0m [[32m[1minfo     [0m] [1mPhase 2 analysis started      [0m [36mgroup[0m=[35mContracts[0m
[2m2026-09-17T12:18:50.061353[0m [[32m[1minfo     [0m] [1mValidating 1/23               [0m [36mfn1[0m=[35mDeedImplementation.setBalance(uint256,bool)[0m [36mfn2[0m=[35mDeedImplementation.setBalance(uint256,bool)[0m [36mgroup[0m=[35mContracts[0m [36mphase[0m=[35m2[0m
[2m2026-09-17T12:18:50.919829[0m [[32m[1minfo     [0m] [1mValidated 1/23                [0m [36mfn1[0m=[35mDeedImplementation.setBalance(uint256,bool)[0m [36mfn2[0m=[35mDeedImplementation.setBalance(uint256,bool)[0m [36mgroup[0m=[35mContracts[0m [36mphase[0m=[35m2[0m [36mresult[0m=[35msafe[0m [36mtime[0m=[35m0.86s[0m
[2m2026-09-17T12:18:50.920309[0m [[32m[1minfo     [0m] [1mValidating 2/23               [0m [36mfn1[0m=[35mDeedImplementation.setBalance(uint256,bool)[0m [36mfn2[0m=[35mHashRegistrar.unsealBid(bytes32,uint256,bytes32)[0m [36mgroup[0m=[35mContracts[0m [36mphase[0m=[35m2[0m
[2m2026-09-17T12:19:25.754928[0m [[32m[1minfo     [0m] [1mValidated 2/23                [0m [36mfn1[0m=[35mDeedImplementation.setBalance(uint256,bool)[0m [36mfn2[0m=[35mHashRegistrar.unsealBid(bytes32,uint256,bytes32)[0m [36mgroup[0m=[35mContracts[0m [36mphase[0m=[35m2[0m [36mresult[0m=[35msafe[0m [36mtime[0m=[35m34.83s[0m
[2m2026-09-17T12:19:25.756126[0m [[32m[1minfo     [0m] [1mValidating 3/23               [0m [36mfn1[0m=[35mDeedImplementation.setBalance(uint256,bool)[0m [36mfn2[0m=[35mHashRegistrar.finalizeAuction(bytes32)[0m [36mgroup[0m=[35mContracts[0m [36mphase[0m=[35m2[0m
[2m2026-09-17T12:19:26.243122[0m [[32m[1minfo     [0m] [1mValidated 3/23                [0m [36mfn1[0m=[35mDeedImplementation.setBalance(uint256,bool)[0m [36mfn2[0m=[35mHashRegistrar.finalizeAuction(bytes32)[0m [36mgroup[0m=[35mContracts[0m [36mphase[0m=[35m2[0m [36mresult[0m=[35msafe[0m [36mtime[0m=[35m0.49s[0m
[2m2026-09-17T12:19:26.243434[0m [[32m[1minfo     [0m] [1mValidating 4/23               [0m [36mfn1[0m=[35mDeedImplementation.setBalance(uint256,bool)[0m [36mfn2[0m=[35mHashRegistrar.invalidateName(string)[0m [36mgroup[0m=[35mContracts[0m [36mphase[0m=[35m2[0m
[2m2026-09-17T12:19:27.413764[0m [[32m[1minfo     [0m] [1mValidated 4/23                [0m [36mfn1[0m=[35mDeedImplementation.setBalance(uint256,bool)[0m [36mfn2[0m=[35mHashRegistrar.invalidateName(string)[0m [36mgroup[0m=[35mContracts[0m [36mphase[0m=[35m2[0m [36mresult[0m=[35msafe[0m [36mtime[0m=[35m1.17s[0m
[2m2026-09-17T12:19:27.414173[0m [[32m[1minfo     [0m] [1mValidating 5/23               [0m [36mfn1[0m=[35mDeedImplementation.closeDeed(uint256)[0m [36mfn2[0m=[35mDeedImplementation.closeDeed(uint256)[0m [36mgroup[0m=[35mContracts[0m [36mphase[0m=[35m2[0m
[2m2026-09-17T12:19:28.027218[0m [[32m[1minfo     [0m] [1mValidated 5/23                [0m [36mfn1[0m=[35mDeedImplementation.closeDeed(uint256)[0m [36mfn2[0m=[35mDeedImplementation.closeDeed(uint256)[0m [36mgroup[0m=[35mContracts[0m [36mphase[0m=[35m2[0m [36mresult[0m=[35msafe[0m [36mtime[0m=[35m0.61s[0m
[2m2026-09-17T12:19:28.027658[0m [[32m[1minfo     [0m] [1mValidating 6/23               [0m [36mfn1[0m=[35mDeedImplementation.closeDeed(uint256)[0m [36mfn2[0m=[35mHashRegistrar.unsealBid(bytes32,uint256,bytes32)[0m [36mgroup[0m=[35mContracts[0m [36mphase[0m=[35m2[0m
[2m2026-09-17T12:19:54.062881[0m [[32m[1minfo     [0m] [1mValidated 6/23                [0m [36mfn1[0m=[35mDeedImplementation.closeDeed(uint256)[0m [36mfn2[0m=[35mHashRegistrar.unsealBid(bytes32,uint256,bytes32)[0m [36mgroup[0m=[35mContracts[0m [36mphase[0m=[35m2[0m [36mresult[0m=[35msafe[0m [36mtime[0m=[35m26.03s[0m
[2m2026-09-17T12:19:54.063969[0m [[32m[1minfo     [0m] [1mValidating 7/23               [0m [36mfn1[0m=[35mDeedImplementation.closeDeed(uint256)[0m [36mfn2[0m=[35mHashRegistrar.cancelBid(address,bytes32)[0m [36mgroup[0m=[35mContracts[0m [36mphase[0m=[35m2[0m
[2m2026-09-17T12:19:54.571950[0m [[32m[1minfo     [0m] [1mValidated 7/23                [0m [36mfn1[0m=[35mDeedImplementation.closeDeed(uint256)[0m [36mfn2[0m=[35mHashRegistrar.cancelBid(address,bytes32)[0m [36mgroup[0m=[35mContracts[0m [36mphase[0m=[35m2[0m [36mresult[0m=[35msafe[0m [36mtime[0m=[35m0.51s[0m
[2m2026-09-17T12:19:54.572348[0m [[32m[1minfo     [0m] [1mValidating 8/23               [0m [36mfn1[0m=[35mDeedImplementation.closeDeed(uint256)[0m [36mfn2[0m=[35mHashRegistrar.releaseDeed(bytes32)[0m [36mgroup[0m=[35mContracts[0m [36mphase[0m=[35m2[0m
[2m2026-09-17T12:19:55.228896[0m [[32m[1minfo     [0m] [1mValidated 8/23                [0m [36mfn1[0m=[35mDeedImplementation.closeDeed(uint256)[0m [36mfn2[0m=[35mHashRegistrar.releaseDeed(bytes32)[0m [36mgroup[0m=[35mContracts[0m [36mphase[0m=[35m2[0m [36mresult[0m=[35msafe[0m [36mtime[0m=[35m0.66s[0m
[2m2026-09-17T12:19:55.229334[0m [[32m[1minfo     [0m] [1mValidating 9/23               [0m [36mfn1[0m=[35mDeedImplementation.closeDeed(uint256)[0m [36mfn2[0m=[35mHashRegistrar.invalidateName(string)[0m [36mgroup[0m=[35mContracts[0m [36mphase[0m=[35m2[0m
[2m2026-09-17T12:19:55.896249[0m [[32m[1minfo     [0m] [1mValidated 9/23                [0m [36mfn1[0m=[35mDeedImplementation.closeDeed(uint256)[0m [36mfn2[0m=[35mHashRegistrar.invalidateName(string)[0m [36mgroup[0m=[35mContracts[0m [36mphase[0m=[35m2[0m [36mresult[0m=[35msafe[0m [36mtime[0m=[35m0.67s[0m
[2m2026-09-17T12:19:55.896664[0m [[32m[1minfo     [0m] [1mValidating 10/23              [0m [36mfn1[0m=[35mHashRegistrar.unsealBid(bytes32,uint256,bytes32)[0m [36mfn2[0m=[35mHashRegistrar.unsealBid(bytes32,uint256,bytes32)[0m [36mgroup[0m=[35mContracts[0m [36mphase[0m=[35m2[0m
[2m2026-09-17T12:21:07.609573[0m [[32m[1minfo     [0m] [1mValidated 10/23               [0m [36mfn1[0m=[35mHashRegistrar.unsealBid(bytes32,uint256,bytes32)[0m [36mfn2[0m=[35mHashRegistrar.unsealBid(bytes32,uint256,bytes32)[0m [36mgroup[0m=[35mContracts[0m [36mphase[0m=[35m2[0m [36mresult[0m=[35msafe[0m [36mtime[0m=[35m71.71s[0m
[2m2026-09-17T12:21:07.610440[0m [[32m[1minfo     [0m] [1mValidating 11/23              [0m [36mfn1[0m=[35mHashRegistrar.unsealBid(bytes32,uint256,bytes32)[0m [36mfn2[0m=[35mHashRegistrar.cancelBid(address,bytes32)[0m [36mgroup[0m=[35mContracts[0m [36mphase[0m=[35m2[0m
[2m2026-09-17T12:21:47.069575[0m [[32m[1minfo     [0m] [1mValidated 11/23               [0m [36mfn1[0m=[35mHashRegistrar.unsealBid(bytes32,uint256,bytes32)[0m [36mfn2[0m=[35mHashRegistrar.cancelBid(address,bytes32)[0m [36mgroup[0m=[35mContracts[0m [36mphase[0m=[35m2[0m [36mresult[0m=[35msafe[0m [36mtime[0m=[35m39.46s[0m
[2m2026-09-17T12:21:47.070809[0m [[32m[1minfo     [0m] [1mValidating 12/23              [0m [36mfn1[0m=[35mHashRegistrar.unsealBid(bytes32,uint256,bytes32)[0m [36mfn2[0m=[35mHashRegistrar.finalizeAuction(bytes32)[0m [36mgroup[0m=[35mContracts[0m [36mphase[0m=[35m2[0m
[2m2026-09-17T12:22:08.920139[0m [[32m[1minfo     [0m] [1mValidated 12/23               [0m [36mfn1[0m=[35mHashRegistrar.unsealBid(bytes32,uint256,bytes32)[0m [36mfn2[0m=[35mHashRegistrar.finalizeAuction(bytes32)[0m [36mgroup[0m=[35mContracts[0m [36mphase[0m=[35m2[0m [36mresult[0m=[35msafe[0m [36mtime[0m=[35m21.85s[0m
[2m2026-09-17T12:22:08.920691[0m [[32m[1minfo     [0m] [1mValidating 13/23              [0m [36mfn1[0m=[35mHashRegistrar.unsealBid(bytes32,uint256,bytes32)[0m [36mfn2[0m=[35mHashRegistrar.releaseDeed(bytes32)[0m [36mgroup[0m=[35mContracts[0m [36mphase[0m=[35m2[0m
[2m2026-09-17T12:22:36.191944[0m [[32m[1minfo     [0m] [1mValidated 13/23               [0m [36mfn1[0m=[35mHashRegistrar.unsealBid(bytes32,uint256,bytes32)[0m [36mfn2[0m=[35mHashRegistrar.releaseDeed(bytes32)[0m [36mgroup[0m=[35mContracts[0m [36mphase[0m=[35m2[0m [36mresult[0m=[35msafe[0m [36mtime[0m=[35m27.27s[0m
[2m2026-09-17T12:22:36.193222[0m [[32m[1minfo     [0m] [1mValidating 14/23              [0m [36mfn1[0m=[35mHashRegistrar.unsealBid(bytes32,uint256,bytes32)[0m [36mfn2[0m=[35mHashRegistrar.invalidateName(string)[0m [36mgroup[0m=[35mContracts[0m [36mphase[0m=[35m2[0m
[2m2026-09-17T12:23:22.827958[0m [[32m[1minfo     [0m] [1mValidated 14/23               [0m [36mfn1[0m=[35mHashRegistrar.unsealBid(bytes32,uint256,bytes32)[0m [36mfn2[0m=[35mHashRegistrar.invalidateName(string)[0m [36mgroup[0m=[35mContracts[0m [36mphase[0m=[35m2[0m [36mresult[0m=[35msafe[0m [36mtime[0m=[35m46.63s[0m
[2m2026-09-17T12:23:22.829244[0m [[32m[1minfo     [0m] [1mValidating 15/23              [0m [36mfn1[0m=[35mHashRegistrar.cancelBid(address,bytes32)[0m [36mfn2[0m=[35mHashRegistrar.cancelBid(address,bytes32)[0m [36mgroup[0m=[35mContracts[0m [36mphase[0m=[35m2[0m
[2m2026-09-17T12:23:23.431743[0m [[32m[1minfo     [0m] [1mValidated 15/23               [0m [36mfn1[0m=[35mHashRegistrar.cancelBid(address,bytes32)[0m [36mfn2[0m=[35mHashRegistrar.cancelBid(address,bytes32)[0m [36mgroup[0m=[35mContracts[0m [36mphase[0m=[35m2[0m [36mresult[0m=[35mvulnerable[0m [36mtime[0m=[35m0.60s[0m
[2m2026-09-17T12:23:23.432114[0m [[32m[1minfo     [0m] [1mValidating 16/23              [0m [36mfn1[0m=[35mHashRegistrar.cancelBid(address,bytes32)[0m [36mfn2[0m=[35mHashRegistrar.releaseDeed(bytes32)[0m [36mgroup[0m=[35mContracts[0m [36mphase[0m=[35m2[0m
[2m2026-09-17T12:23:23.959862[0m [[32m[1minfo     [0m] [1mValidated 16/23               [0m [36mfn1[0m=[35mHashRegistrar.cancelBid(address,bytes32)[0m [36mfn2[0m=[35mHashRegistrar.releaseDeed(bytes32)[0m [36mgroup[0m=[35mContracts[0m [36mphase[0m=[35m2[0m [36mresult[0m=[35msafe[0m [36mtime[0m=[35m0.53s[0m
[2m2026-09-17T12:23:23.960422[0m [[32m[1minfo     [0m] [1mValidating 17/23              [0m [36mfn1[0m=[35mHashRegistrar.cancelBid(address,bytes32)[0m [36mfn2[0m=[35mHashRegistrar.invalidateName(string)[0m [36mgroup[0m=[35mContracts[0m [36mphase[0m=[35m2[0m
[2m2026-09-17T12:23:24.696345[0m [[32m[1minfo     [0m] [1mValidated 17/23               [0m [36mfn1[0m=[35mHashRegistrar.cancelBid(address,bytes32)[0m [36mfn2[0m=[35mHashRegistrar.invalidateName(string)[0m [36mgroup[0m=[35mContracts[0m [36mphase[0m=[35m2[0m [36mresult[0m=[35mvulnerable[0m [36mtime[0m=[35m0.74s[0m
[2m2026-09-17T12:23:24.696733[0m [[32m[1minfo     [0m] [1mValidating 18/23              [0m [36mfn1[0m=[35mHashRegistrar.finalizeAuction(bytes32)[0m [36mfn2[0m=[35mHashRegistrar.finalizeAuction(bytes32)[0m [36mgroup[0m=[35mContracts[0m [36mphase[0m=[35m2[0m
[2m2026-09-17T12:23:25.244822[0m [[32m[1minfo     [0m] [1mValidated 18/23               [0m [36mfn1[0m=[35mHashRegistrar.finalizeAuction(bytes32)[0m [36mfn2[0m=[35mHashRegistrar.finalizeAuction(bytes32)[0m [36mgroup[0m=[35mContracts[0m [36mphase[0m=[35m2[0m [36mresult[0m=[35msafe[0m [36mtime[0m=[35m0.55s[0m
[2m2026-09-17T12:23:25.245147[0m [[32m[1minfo     [0m] [1mValidating 19/23              [0m [36mfn1[0m=[35mHashRegistrar.finalizeAuction(bytes32)[0m [36mfn2[0m=[35mHashRegistrar.invalidateName(string)[0m [36mgroup[0m=[35mContracts[0m [36mphase[0m=[35m2[0m
[2m2026-09-17T12:23:33.261852[0m [[32m[1minfo     [0m] [1mValidated 19/23               [0m [36mfn1[0m=[35mHashRegistrar.finalizeAuction(bytes32)[0m [36mfn2[0m=[35mHashRegistrar.invalidateName(string)[0m [36mgroup[0m=[35mContracts[0m [36mphase[0m=[35m2[0m [36mresult[0m=[35msafe[0m [36mtime[0m=[35m8.02s[0m
[2m2026-09-17T12:23:33.262208[0m [[32m[1minfo     [0m] [1mValidating 20/23              [0m [36mfn1[0m=[35mHashRegistrar.releaseDeed(bytes32)[0m [36mfn2[0m=[35mHashRegistrar.releaseDeed(bytes32)[0m [36mgroup[0m=[35mContracts[0m [36mphase[0m=[35m2[0m
[2m2026-09-17T12:23:34.380134[0m [[32m[1minfo     [0m] [1mValidated 20/23               [0m [36mfn1[0m=[35mHashRegistrar.releaseDeed(bytes32)[0m [36mfn2[0m=[35mHashRegistrar.releaseDeed(bytes32)[0m [36mgroup[0m=[35mContracts[0m [36mphase[0m=[35m2[0m [36mresult[0m=[35msafe[0m [36mtime[0m=[35m1.12s[0m
[2m2026-09-17T12:23:34.380479[0m [[32m[1minfo     [0m] [1mValidating 21/23              [0m [36mfn1[0m=[35mHashRegistrar.releaseDeed(bytes32)[0m [36mfn2[0m=[35mHashRegistrar.invalidateName(string)[0m [36mgroup[0m=[35mContracts[0m [36mphase[0m=[35m2[0m
[2m2026-09-17T12:23:43.524773[0m [[32m[1minfo     [0m] [1mValidated 21/23               [0m [36mfn1[0m=[35mHashRegistrar.releaseDeed(bytes32)[0m [36mfn2[0m=[35mHashRegistrar.invalidateName(string)[0m [36mgroup[0m=[35mContracts[0m [36mphase[0m=[35m2[0m [36mresult[0m=[35msafe[0m [36mtime[0m=[35m9.14s[0m
[2m2026-09-17T12:23:43.525422[0m [[32m[1minfo     [0m] [1mValidating 22/23              [0m [36mfn1[0m=[35mHashRegistrar.invalidateName(string)[0m [36mfn2[0m=[35mHashRegistrar.invalidateName(string)[0m [36mgroup[0m=[35mContracts[0m [36mphase[0m=[35m2[0m
[2m2026-09-17T12:24:09.051809[0m [[32m[1minfo     [0m] [1mValidated 22/23               [0m [36mfn1[0m=[35mHashRegistrar.invalidateName(string)[0m [36mfn2[0m=[35mHashRegistrar.invalidateName(string)[0m [36mgroup[0m=[35mContracts[0m [36mphase[0m=[35m2[0m [36mresult[0m=[35mvulnerable[0m [36mtime[0m=[35m25.53s[0m
[2m2026-09-17T12:24:09.052624[0m [[32m[1minfo     [0m] [1mValidating 23/23              [0m [36mfn1[0m=[35mETHRegistrarController.register(string,address,uint256,bytes32)[0m [36mfn2[0m=[35mETHRegistrarController.register(string,address,uint256,bytes32)[0m [36mgroup[0m=[35mContracts[0m [36mphase[0m=[35m2[0m
[2m2026-09-17T12:24:09.950651[0m [[32m[1minfo     [0m] [1mValidated 23/23               [0m [36mfn1[0m=[35mETHRegistrarController.register(string,address,uint256,bytes32)[0m [36mfn2[0m=[35mETHRegistrarController.register(string,address,uint256,bytes32)[0m [36mgroup[0m=[35mContracts[0m [36mphase[0m=[35m2[0m [36mresult[0m=[35mvulnerable[0m [36mtime[0m=[35m0.90s[0m
[2m2026-09-17T12:24:09.951013[0m [[32m[1minfo     [0m] [1mPhase 2 analysis finished     [0m [36mgroup[0m=[35mContracts[0m [36mnegatives[0m=[35m19[0m [36mpositives[0m=[35m4[0m [36mtime[0m=[35m320.10s[0m [36munknowns[0m=[35m0[0m
[2m2026-09-17T12:24:09.954023[0m [[32m[1minfo     [0m] [1mAnalysis result written       [0m [36mgroup[0m=[35mContracts[0m [36moutput[0m=[35mresult.json[0m
[2m2026-09-17T12:24:09.954355[0m [[32m[1minfo     [0m] [1mAnalysis finished             [0m [36mgroup[0m=[35mContracts[0m [36mpairs[0m=[35m4[0m [36mtime[0m=[35m323.5931432247162[0m
[2m2026-09-17T12:24:09.957306[0m [[32m[1minfo     [0m] [1mProfiling result              [0m [36mresult[0m=[35m'{"total_time": 323.5950539112091, "phase0_time": 2.2900092601776123, "phase1_time": 1.1982841491699219, "phase2_time": 320.09697365760803, "hfg_time": 0.2147374153137207, "prune_time": 0.9835402965545654, "summarization_time": 13.290406465530396, "application_time": 297.5330410003662, "solving_time": 0.18985724449157715, "full_pairs": 990, "candidate_pairs": 23, "positives": 4, "negatives": 19, "unknowns": 0}'[0m
