[2m2026-09-17T12:24:25.997622[0m [[32m[1minfo     [0m] [1mCommand-line arguments        [0m [36mfocus[0m=[35m[][0m [36mlog_file[0m=[35mNone[0m [36mname[0m=[35mContracts[0m [36moutput[0m=[35mresult.json[0m [36mrepos[0m=[35m['/dataset/vulnerables/Governance/'][0m
[2m2026-09-17T12:24:26.000705[0m [[32m[1minfo     [0m] [1mAnalysis configuration        [0m [36mfunction_timeout[0m=[35minfs[0m [36mpair_timeout[0m=[35minfs[0m [36msolver_timeout[0m=[35m60.00s[0m
[2m2026-09-17T12:24:26.001536[0m [[32m[1minfo     [0m] [1mAnalysis started              [0m [36mgroup[0m=[35mContracts[0m
[2m2026-09-17T12:24:26.001793[0m [[32m[1minfo     [0m] [1mPhase 0 analysis started      [0m [36mgroup[0m=[35mContracts[0m
[2m2026-09-17T12:24:26.002024[0m [[32m[1minfo     [0m] [1mCompiling and analyzing contracts using Slither...[0m [36mgroup[0m=[35mContracts[0m [36mpath[0m=[35m/dataset/vulnerables/Governance[0m [36mphase[0m=[35m0[0m [36mrepo[0m=[35mGovernance[0m
[2m2026-09-17T12:24:26.004119[0m [[32m[1minfo     [0m] [1m'/root/.solc-select/artifacts/solc-0.5.8/solc-0.5.8 --version' running[0m
[2m2026-09-17T12:24:26.034832[0m [[32m[1minfo     [0m] [1m'/root/.solc-select/artifacts/solc-0.5.8/solc-0.5.8 Governance.sol --combined-json abi,ast,bin,bin-runtime,srcmap,srcmap-runtime,userdoc,devdoc,hashes,compact-format --optimize --allow-paths .,/nyx' running[0m
[2m2026-09-17T12:24:28.143607[0m [[32m[1minfo     [0m] [1mPhase 0 analysis finished     [0m [36mgroup[0m=[35mContracts[0m [36mpairs[0m=[35m1225[0m [36mtime[0m=[35m2.14s[0m
[2m2026-09-17T12:24:28.144044[0m [[32m[1minfo     [0m] [1mPhase 1 analysis started      [0m [36mgroup[0m=[35mContracts[0m
[2m2026-09-17T12:24:28.460630[0m [[32m[1minfo     [0m] [1mHybrid flow graph built       [0m [36mgroup[0m=[35mContracts[0m [36mphase[0m=[35m1[0m [36mtime[0m=[35m0.32s[0m
[2m2026-09-17T12:24:29.507237[0m [[32m[1minfo     [0m] [1mPotential vulnerable function pairs collected[0m [36mgroup[0m=[35mContracts[0m [36mpairs[0m=[35m23[0m [36mphase[0m=[35m1[0m [36mtime[0m=[35m1.05s[0m
[2m2026-09-17T12:24:29.507604[0m [[32m[1minfo     [0m] [1mPhase 1 analysis finished     [0m [36mgroup[0m=[35mContracts[0m [36mpairs[0m=[35m23[0m [36mtime[0m=[35m1.36s[0m
[2m2026-09-17T12:24:29.507854[0m [[32m[1minfo     [0m] [1mPhase 2 analysis started      [0m [36mgroup[0m=[35mContracts[0m
[2m2026-09-17T12:24:29.643853[0m [[32m[1minfo     [0m] [1mValidating 1/23               [0m [36mfn1[0m=[35mStaking.stakeRewards(uint256,address)[0m [36mfn2[0m=[35mStaking.stakeRewards(uint256,address)[0m [36mgroup[0m=[35mContracts[0m [36mphase[0m=[35m2[0m
[2m2026-09-17T12:24:31.025441[0m [[32m[1minfo     [0m] [1mValidated 1/23                [0m [36mfn1[0m=[35mStaking.stakeRewards(uint256,address)[0m [36mfn2[0m=[35mStaking.stakeRewards(uint256,address)[0m [36mgroup[0m=[35mContracts[0m [36mphase[0m=[35m2[0m [36mresult[0m=[35msafe[0m [36mtime[0m=[35m1.38s[0m
[2m2026-09-17T12:24:31.025875[0m [[32m[1minfo     [0m] [1mValidating 2/23               [0m [36mfn1[0m=[35mStaking.stakeRewards(uint256,address)[0m [36mfn2[0m=[35mStaking.stakeFor(address,uint256)[0m [36mgroup[0m=[35mContracts[0m [36mphase[0m=[35m2[0m
[2m2026-09-17T12:24:32.042618[0m [[32m[1minfo     [0m] [1mValidated 2/23                [0m [36mfn1[0m=[35mStaking.stakeRewards(uint256,address)[0m [36mfn2[0m=[35mStaking.stakeFor(address,uint256)[0m [36mgroup[0m=[35mContracts[0m [36mphase[0m=[35m2[0m [36mresult[0m=[35msafe[0m [36mtime[0m=[35m1.02s[0m
[2m2026-09-17T12:24:32.043254[0m [[32m[1minfo     [0m] [1mValidating 3/23               [0m [36mfn1[0m=[35mStaking.stakeRewards(uint256,address)[0m [36mfn2[0m=[35mStaking.unstakeFor(address,uint256)[0m [36mgroup[0m=[35mContracts[0m [36mphase[0m=[35m2[0m
[2m2026-09-17T12:24:33.254725[0m [[32m[1minfo     [0m] [1mValidated 3/23                [0m [36mfn1[0m=[35mStaking.stakeRewards(uint256,address)[0m [36mfn2[0m=[35mStaking.unstakeFor(address,uint256)[0m [36mgroup[0m=[35mContracts[0m [36mphase[0m=[35m2[0m [36mresult[0m=[35mvulnerable[0m [36mtime[0m=[35m1.21s[0m
[2m2026-09-17T12:24:33.255176[0m [[32m[1minfo     [0m] [1mValidating 4/23               [0m [36mfn1[0m=[35mStaking.stakeRewards(uint256,address)[0m [36mfn2[0m=[35mStaking.delegateStakeFor(address,address,uint256)[0m [36mgroup[0m=[35mContracts[0m [36mphase[0m=[35m2[0m
[2m2026-09-17T12:24:34.120826[0m [[32m[1minfo     [0m] [1mValidated 4/23                [0m [36mfn1[0m=[35mStaking.stakeRewards(uint256,address)[0m [36mfn2[0m=[35mStaking.delegateStakeFor(address,address,uint256)[0m [36mgroup[0m=[35mContracts[0m [36mphase[0m=[35m2[0m [36mresult[0m=[35msafe[0m [36mtime[0m=[35m0.87s[0m
[2m2026-09-17T12:24:34.121222[0m [[32m[1minfo     [0m] [1mValidating 5/23               [0m [36mfn1[0m=[35mStaking.stakeRewards(uint256,address)[0m [36mfn2[0m=[35mStaking.undelegateStakeFor(address,address,uint256)[0m [36mgroup[0m=[35mContracts[0m [36mphase[0m=[35m2[0m
[2m2026-09-17T12:24:35.022299[0m [[32m[1minfo     [0m] [1mValidated 5/23                [0m [36mfn1[0m=[35mStaking.stakeRewards(uint256,address)[0m [36mfn2[0m=[35mStaking.undelegateStakeFor(address,address,uint256)[0m [36mgroup[0m=[35mContracts[0m [36mphase[0m=[35m2[0m [36mresult[0m=[35mvulnerable[0m [36mtime[0m=[35m0.90s[0m
[2m2026-09-17T12:24:35.023094[0m [[32m[1minfo     [0m] [1mValidating 6/23               [0m [36mfn1[0m=[35mStaking.stakeRewards(uint256,address)[0m [36mfn2[0m=[35mGovernance.evaluateProposalOutcome(uint256)[0m [36mgroup[0m=[35mContracts[0m [36mphase[0m=[35m2[0m
[2m2026-09-17T12:24:36.179262[0m [[32m[1minfo     [0m] [1mValidated 6/23                [0m [36mfn1[0m=[35mStaking.stakeRewards(uint256,address)[0m [36mfn2[0m=[35mGovernance.evaluateProposalOutcome(uint256)[0m [36mgroup[0m=[35mContracts[0m [36mphase[0m=[35m2[0m [36mresult[0m=[35msafe[0m [36mtime[0m=[35m1.16s[0m
[2m2026-09-17T12:24:36.179790[0m [[32m[1minfo     [0m] [1mValidating 7/23               [0m [36mfn1[0m=[35mStaking.stakeFor(address,uint256)[0m [36mfn2[0m=[35mStaking.stakeFor(address,uint256)[0m [36mgroup[0m=[35mContracts[0m [36mphase[0m=[35m2[0m
[2m2026-09-17T12:24:37.152017[0m [[32m[1minfo     [0m] [1mValidated 7/23                [0m [36mfn1[0m=[35mStaking.stakeFor(address,uint256)[0m [36mfn2[0m=[35mStaking.stakeFor(address,uint256)[0m [36mgroup[0m=[35mContracts[0m [36mphase[0m=[35m2[0m [36mresult[0m=[35msafe[0m [36mtime[0m=[35m0.97s[0m
[2m2026-09-17T12:24:37.152572[0m [[32m[1minfo     [0m] [1mValidating 8/23               [0m [36mfn1[0m=[35mStaking.stakeFor(address,uint256)[0m [36mfn2[0m=[35mStaking.unstakeFor(address,uint256)[0m [36mgroup[0m=[35mContracts[0m [36mphase[0m=[35m2[0m
[2m2026-09-17T12:24:37.741104[0m [[32m[1minfo     [0m] [1mValidated 8/23                [0m [36mfn1[0m=[35mStaking.stakeFor(address,uint256)[0m [36mfn2[0m=[35mStaking.unstakeFor(address,uint256)[0m [36mgroup[0m=[35mContracts[0m [36mphase[0m=[35m2[0m [36mresult[0m=[35msafe[0m [36mtime[0m=[35m0.59s[0m
[2m2026-09-17T12:24:37.741443[0m [[32m[1minfo     [0m] [1mValidating 9/23               [0m [36mfn1[0m=[35mStaking.stakeFor(address,uint256)[0m [36mfn2[0m=[35mStaking.delegateStakeFor(address,address,uint256)[0m [36mgroup[0m=[35mContracts[0m [36mphase[0m=[35m2[0m
[2m2026-09-17T12:24:38.269039[0m [[32m[1minfo     [0m] [1mValidated 9/23                [0m [36mfn1[0m=[35mStaking.stakeFor(address,uint256)[0m [36mfn2[0m=[35mStaking.delegateStakeFor(address,address,uint256)[0m [36mgroup[0m=[35mContracts[0m [36mphase[0m=[35m2[0m [36mresult[0m=[35msafe[0m [36mtime[0m=[35m0.53s[0m
[2m2026-09-17T12:24:38.269422[0m [[32m[1minfo     [0m] [1mValidating 10/23              [0m [36mfn1[0m=[35mStaking.stakeFor(address,uint256)[0m [36mfn2[0m=[35mStaking.undelegateStakeFor(address,address,uint256)[0m [36mgroup[0m=[35mContracts[0m [36mphase[0m=[35m2[0m
[2m2026-09-17T12:24:38.869968[0m [[32m[1minfo     [0m] [1mValidated 10/23               [0m [36mfn1[0m=[35mStaking.stakeFor(address,uint256)[0m [36mfn2[0m=[35mStaking.undelegateStakeFor(address,address,uint256)[0m [36mgroup[0m=[35mContracts[0m [36mphase[0m=[35m2[0m [36mresult[0m=[35msafe[0m [36mtime[0m=[35m0.60s[0m
[2m2026-09-17T12:24:38.870393[0m [[32m[1minfo     [0m] [1mValidating 11/23              [0m [36mfn1[0m=[35mStaking.stakeFor(address,uint256)[0m [36mfn2[0m=[35mGovernance.evaluateProposalOutcome(uint256)[0m [36mgroup[0m=[35mContracts[0m [36mphase[0m=[35m2[0m
[2m2026-09-17T12:24:39.390283[0m [[32m[1minfo     [0m] [1mValidated 11/23               [0m [36mfn1[0m=[35mStaking.stakeFor(address,uint256)[0m [36mfn2[0m=[35mGovernance.evaluateProposalOutcome(uint256)[0m [36mgroup[0m=[35mContracts[0m [36mphase[0m=[35m2[0m [36mresult[0m=[35msafe[0m [36mtime[0m=[35m0.52s[0m
[2m2026-09-17T12:24:39.390628[0m [[32m[1minfo     [0m] [1mValidating 12/23              [0m [36mfn1[0m=[35mStaking.unstakeFor(address,uint256)[0m [36mfn2[0m=[35mStaking.unstakeFor(address,uint256)[0m [36mgroup[0m=[35mContracts[0m [36mphase[0m=[35m2[0m
[2m2026-09-17T12:24:40.204556[0m [[32m[1minfo     [0m] [1mValidated 12/23               [0m [36mfn1[0m=[35mStaking.unstakeFor(address,uint256)[0m [36mfn2[0m=[35mStaking.unstakeFor(address,uint256)[0m [36mgroup[0m=[35mContracts[0m [36mphase[0m=[35m2[0m [36mresult[0m=[35msafe[0m [36mtime[0m=[35m0.81s[0m
[2m2026-09-17T12:24:40.204957[0m [[32m[1minfo     [0m] [1mValidating 13/23              [0m [36mfn1[0m=[35mStaking.unstakeFor(address,uint256)[0m [36mfn2[0m=[35mStaking.delegateStakeFor(address,address,uint256)[0m [36mgroup[0m=[35mContracts[0m [36mphase[0m=[35m2[0m
[2m2026-09-17T12:24:40.733655[0m [[32m[1minfo     [0m] [1mValidated 13/23               [0m [36mfn1[0m=[35mStaking.unstakeFor(address,uint256)[0m [36mfn2[0m=[35mStaking.delegateStakeFor(address,address,uint256)[0m [36mgroup[0m=[35mContracts[0m [36mphase[0m=[35m2[0m [36mresult[0m=[35msafe[0m [36mtime[0m=[35m0.53s[0m
[2m2026-09-17T12:24:40.734043[0m [[32m[1minfo     [0m] [1mValidating 14/23              [0m [36mfn1[0m=[35mStaking.unstakeFor(address,uint256)[0m [36mfn2[0m=[35mStaking.undelegateStakeFor(address,address,uint256)[0m [36mgroup[0m=[35mContracts[0m [36mphase[0m=[35m2[0m
[2m2026-09-17T12:24:41.266656[0m [[32m[1minfo     [0m] [1mValidated 14/23               [0m [36mfn1[0m=[35mStaking.unstakeFor(address,uint256)[0m [36mfn2[0m=[35mStaking.undelegateStakeFor(address,address,uint256)[0m [36mgroup[0m=[35mContracts[0m [36mphase[0m=[35m2[0m [36mresult[0m=[35mvulnerable[0m [36mtime[0m=[35m0.53s[0m
[2m2026-09-17T12:24:41.267014[0m [[32m[1minfo     [0m] [1mValidating 15/23              [0m [36mfn1[0m=[35mStaking.unstakeFor(address,uint256)[0m [36mfn2[0m=[35mGovernance.evaluateProposalOutcome(uint256)[0m [36mgroup[0m=[35mContracts[0m [36mphase[0m=[35m2[0m
[2m2026-09-17T12:24:41.818185[0m [[32m[1minfo     [0m] [1mValidated 15/23               [0m [36mfn1[0m=[35mStaking.unstakeFor(address,uint256)[0m [36mfn2[0m=[35mGovernance.evaluateProposalOutcome(uint256)[0m [36mgroup[0m=[35mContracts[0m [36mphase[0m=[35m2[0m [36mresult[0m=[35msafe[0m [36mtime[0m=[35m0.55s[0m
[2m2026-09-17T12:24:41.818736[0m [[32m[1minfo     [0m] [1mValidating 16/23              [0m [36mfn1[0m=[35mStaking.delegateStakeFor(address,address,uint256)[0m [36mfn2[0m=[35mStaking.delegateStakeFor(address,address,uint256)[0m [36mgroup[0m=[35mContracts[0m [36mphase[0m=[35m2[0m
[2m2026-09-17T12:24:42.663459[0m [[32m[1minfo     [0m] [1mValidated 16/23               [0m [36mfn1[0m=[35mStaking.delegateStakeFor(address,address,uint256)[0m [36mfn2[0m=[35mStaking.delegateStakeFor(address,address,uint256)[0m [36mgroup[0m=[35mContracts[0m [36mphase[0m=[35m2[0m [36mresult[0m=[35msafe[0m [36mtime[0m=[35m0.84s[0m
[2m2026-09-17T12:24:42.663840[0m [[32m[1minfo     [0m] [1mValidating 17/23              [0m [36mfn1[0m=[35mStaking.delegateStakeFor(address,address,uint256)[0m [36mfn2[0m=[35mStaking.undelegateStakeFor(address,address,uint256)[0m [36mgroup[0m=[35mContracts[0m [36mphase[0m=[35m2[0m
[2m2026-09-17T12:24:43.271281[0m [[32m[1minfo     [0m] [1mValidated 17/23               [0m [36mfn1[0m=[35mStaking.delegateStakeFor(address,address,uint256)[0m [36mfn2[0m=[35mStaking.undelegateStakeFor(address,address,uint256)[0m [36mgroup[0m=[35mContracts[0m [36mphase[0m=[35m2[0m [36mresult[0m=[35msafe[0m [36mtime[0m=[35m0.61s[0m
[2m2026-09-17T12:24:43.271612[0m [[32m[1minfo     [0m] [1mValidating 18/23              [0m [36mfn1[0m=[35mStaking.delegateStakeFor(address,address,uint256)[0m [36mfn2[0m=[35mGovernance.evaluateProposalOutcome(uint256)[0m [36mgroup[0m=[35mContracts[0m [36mphase[0m=[35m2[0m
[2m2026-09-17T12:24:43.805877[0m [[32m[1minfo     [0m] [1mValidated 18/23               [0m [36mfn1[0m=[35mStaking.delegateStakeFor(address,address,uint256)[0m [36mfn2[0m=[35mGovernance.evaluateProposalOutcome(uint256)[0m [36mgroup[0m=[35mContracts[0m [36mphase[0m=[35m2[0m [36mresult[0m=[35msafe[0m [36mtime[0m=[35m0.53s[0m
[2m2026-09-17T12:24:43.806238[0m [[32m[1minfo     [0m] [1mValidating 19/23              [0m [36mfn1[0m=[35mStaking.undelegateStakeFor(address,address,uint256)[0m [36mfn2[0m=[35mStaking.undelegateStakeFor(address,address,uint256)[0m [36mgroup[0m=[35mContracts[0m [36mphase[0m=[35m2[0m
[2m2026-09-17T12:24:44.661082[0m [[32m[1minfo     [0m] [1mValidated 19/23               [0m [36mfn1[0m=[35mStaking.undelegateStakeFor(address,address,uint256)[0m [36mfn2[0m=[35mStaking.undelegateStakeFor(address,address,uint256)[0m [36mgroup[0m=[35mContracts[0m [36mphase[0m=[35m2[0m [36mresult[0m=[35msafe[0m [36mtime[0m=[35m0.85s[0m
[2m2026-09-17T12:24:44.661506[0m [[32m[1minfo     [0m] [1mValidating 20/23              [0m [36mfn1[0m=[35mStaking.undelegateStakeFor(address,address,uint256)[0m [36mfn2[0m=[35mGovernance.evaluateProposalOutcome(uint256)[0m [36mgroup[0m=[35mContracts[0m [36mphase[0m=[35m2[0m
[2m2026-09-17T12:24:45.189265[0m [[32m[1minfo     [0m] [1mValidated 20/23               [0m [36mfn1[0m=[35mStaking.undelegateStakeFor(address,address,uint256)[0m [36mfn2[0m=[35mGovernance.evaluateProposalOutcome(uint256)[0m [36mgroup[0m=[35mContracts[0m [36mphase[0m=[35m2[0m [36mresult[0m=[35msafe[0m [36mtime[0m=[35m0.53s[0m
[2m2026-09-17T12:24:45.189689[0m [[32m[1minfo     [0m] [1mValidating 21/23              [0m [36mfn1[0m=[35mGovernance.evaluateProposalOutcome(uint256)[0m [36mfn2[0m=[35mGovernance.evaluateProposalOutcome(uint256)[0m [36mgroup[0m=[35mContracts[0m [36mphase[0m=[35m2[0m
[2m2026-09-17T12:24:53.136163[0m [[32m[1minfo     [0m] [1mValidated 21/23               [0m [36mfn1[0m=[35mGovernance.evaluateProposalOutcome(uint256)[0m [36mfn2[0m=[35mGovernance.evaluateProposalOutcome(uint256)[0m [36mgroup[0m=[35mContracts[0m [36mphase[0m=[35m2[0m [36mresult[0m=[35msafe[0m [36mtime[0m=[35m7.95s[0m
[2m2026-09-17T12:24:53.136871[0m [[32m[1minfo     [0m] [1mValidating 22/23              [0m [36mfn1[0m=[35mGovernance.evaluateProposalOutcome(uint256)[0m [36mfn2[0m=[35mGovernance.guardianExecuteTransaction(bytes32,uint256,string,bytes)[0m [36mgroup[0m=[35mContracts[0m [36mphase[0m=[35m2[0m
[2m2026-09-17T12:24:53.765137[0m [[32m[1minfo     [0m] [1mValidated 22/23               [0m [36mfn1[0m=[35mGovernance.evaluateProposalOutcome(uint256)[0m [36mfn2[0m=[35mGovernance.guardianExecuteTransaction(bytes32,uint256,string,bytes)[0m [36mgroup[0m=[35mContracts[0m [36mphase[0m=[35m2[0m [36mresult[0m=[35msafe[0m [36mtime[0m=[35m0.63s[0m
[2m2026-09-17T12:24:53.765645[0m [[32m[1minfo     [0m] [1mValidating 23/23              [0m [36mfn1[0m=[35mGovernance.guardianExecuteTransaction(bytes32,uint256,string,bytes)[0m [36mfn2[0m=[35mGovernance.guardianExecuteTransaction(bytes32,uint256,string,bytes)[0m [36mgroup[0m=[35mContracts[0m [36mphase[0m=[35m2[0m
[2m2026-09-17T12:24:54.310161[0m [[32m[1minfo     [0m] [1mValidated 23/23               [0m [36mfn1[0m=[35mGovernance.guardianExecuteTransaction(bytes32,uint256,string,bytes)[0m [36mfn2[0m=[35mGovernance.guardianExecuteTransaction(bytes32,uint256,string,bytes)[0m [36mgroup[0m=[35mContracts[0m [36mphase[0m=[35m2[0m [36mresult[0m=[35msafe[0m [36mtime[0m=[35m0.54s[0m
[2m2026-09-17T12:24:54.310572[0m [[32m[1minfo     [0m] [1mPhase 2 analysis finished     [0m [36mgroup[0m=[35mContracts[0m [36mnegatives[0m=[35m20[0m [36mpositives[0m=[35m3[0m [36mtime[0m=[35m24.80s[0m [36munknowns[0m=[35m0[0m
[2m2026-09-17T12:24:54.314016[0m [[32m[1minfo     [0m] [1mAnalysis result written       [0m [36mgroup[0m=[35mContracts[0m [36moutput[0m=[35mresult.json[0m
[2m2026-09-17T12:24:54.314495[0m [[32m[1minfo     [0m] [1mAnalysis finished             [0m [36mgroup[0m=[35mContracts[0m [36mpairs[0m=[35m3[0m [36mtime[0m=[35m28.31295347213745[0m
[2m2026-09-17T12:24:54.317980[0m [[32m[1minfo     [0m] [1mProfiling result              [0m [36mresult[0m=[35m'{"total_time": 28.315006971359253, "phase0_time": 2.140545606613159, "phase1_time": 1.3632750511169434, "phase2_time": 24.802459239959717, "hfg_time": 0.31687116622924805, "prune_time": 1.0463957786560059, "summarization_time": 2.167043447494507, "application_time": 20.175739765167236, "solving_time": 0.2062058448791504, "full_pairs": 1225, "candidate_pairs": 23, "positives": 3, "negatives": 20, "unknowns": 0}'[0m
