[2m2026-09-17T12:26:22.989949[0m [[32m[1minfo     [0m] [1mCommand-line arguments        [0m [36mfocus[0m=[35m[][0m [36mlog_file[0m=[35mNone[0m [36mname[0m=[35mContracts[0m [36moutput[0m=[35mresult.json[0m [36mrepos[0m=[35m['/dataset/vulnerables/LoanProposalImpl/'][0m
[2m2026-09-17T12:26:22.993082[0m [[32m[1minfo     [0m] [1mAnalysis configuration        [0m [36mfunction_timeout[0m=[35minfs[0m [36mpair_timeout[0m=[35minfs[0m [36msolver_timeout[0m=[35m60.00s[0m
[2m2026-09-17T12:26:22.993869[0m [[32m[1minfo     [0m] [1mAnalysis started              [0m [36mgroup[0m=[35mContracts[0m
[2m2026-09-17T12:26:22.994130[0m [[32m[1minfo     [0m] [1mPhase 0 analysis started      [0m [36mgroup[0m=[35mContracts[0m
[2m2026-09-17T12:26:22.994348[0m [[32m[1minfo     [0m] [1mCompiling and analyzing contracts using Slither...[0m [36mgroup[0m=[35mContracts[0m [36mpath[0m=[35m/dataset/vulnerables/LoanProposalImpl[0m [36mphase[0m=[35m0[0m [36mrepo[0m=[35mLoanProposalImpl[0m
[2m2026-09-17T12:26:22.996185[0m [[32m[1minfo     [0m] [1m'/root/.solc-select/artifacts/solc-0.8.19/solc-0.8.19 --version' running[0m
[2m2026-09-17T12:26:23.059963[0m [[32m[1minfo     [0m] [1m'/root/.solc-select/artifacts/solc-0.8.19/solc-0.8.19 LoanProposalImpl.sol --combined-json abi,ast,bin,bin-runtime,srcmap,srcmap-runtime,userdoc,devdoc,hashes --optimize --allow-paths .,/nyx' running[0m
[2m2026-09-17T12:26:25.628196[0m [[32m[1minfo     [0m] [1mPhase 0 analysis finished     [0m [36mgroup[0m=[35mContracts[0m [36mpairs[0m=[35m78[0m [36mtime[0m=[35m2.63s[0m
[2m2026-09-17T12:26:25.628579[0m [[32m[1minfo     [0m] [1mPhase 1 analysis started      [0m [36mgroup[0m=[35mContracts[0m
[2m2026-09-17T12:26:25.744264[0m [[32m[1minfo     [0m] [1mHybrid flow graph built       [0m [36mgroup[0m=[35mContracts[0m [36mphase[0m=[35m1[0m [36mtime[0m=[35m0.12s[0m
[2m2026-09-17T12:26:25.999223[0m [[32m[1minfo     [0m] [1mPotential vulnerable function pairs collected[0m [36mgroup[0m=[35mContracts[0m [36mpairs[0m=[35m21[0m [36mphase[0m=[35m1[0m [36mtime[0m=[35m0.25s[0m
[2m2026-09-17T12:26:25.999610[0m [[32m[1minfo     [0m] [1mPhase 1 analysis finished     [0m [36mgroup[0m=[35mContracts[0m [36mpairs[0m=[35m21[0m [36mtime[0m=[35m0.37s[0m
[2m2026-09-17T12:26:25.999907[0m [[32m[1minfo     [0m] [1mPhase 2 analysis started      [0m [36mgroup[0m=[35mContracts[0m
[2m2026-09-17T12:26:26.263675[0m [[32m[1minfo     [0m] [1mValidating 1/21               [0m [36mfn1[0m=[35mLoanProposalImpl.finalizeLoanTermsAndTransferColl(uint256)[0m [36mfn2[0m=[35mLoanProposalImpl.finalizeLoanTermsAndTransferColl(uint256)[0m [36mgroup[0m=[35mContracts[0m [36mphase[0m=[35m2[0m
[2m2026-09-17T12:26:34.508862[0m [[32m[1minfo     [0m] [1mValidated 1/21                [0m [36mfn1[0m=[35mLoanProposalImpl.finalizeLoanTermsAndTransferColl(uint256)[0m [36mfn2[0m=[35mLoanProposalImpl.finalizeLoanTermsAndTransferColl(uint256)[0m [36mgroup[0m=[35mContracts[0m [36mphase[0m=[35m2[0m [36mresult[0m=[35mvulnerable[0m [36mtime[0m=[35m8.24s[0m
[2m2026-09-17T12:26:34.509960[0m [[32m[1minfo     [0m] [1mValidating 2/21               [0m [36mfn1[0m=[35mLoanProposalImpl.finalizeLoanTermsAndTransferColl(uint256)[0m [36mfn2[0m=[35mLoanProposalImpl.rollback()[0m [36mgroup[0m=[35mContracts[0m [36mphase[0m=[35m2[0m
[2m2026-09-17T12:26:38.762014[0m [[32m[1minfo     [0m] [1mValidated 2/21                [0m [36mfn1[0m=[35mLoanProposalImpl.finalizeLoanTermsAndTransferColl(uint256)[0m [36mfn2[0m=[35mLoanProposalImpl.rollback()[0m [36mgroup[0m=[35mContracts[0m [36mphase[0m=[35m2[0m [36mresult[0m=[35mvulnerable[0m [36mtime[0m=[35m4.25s[0m
[2m2026-09-17T12:26:38.762811[0m [[32m[1minfo     [0m] [1mValidating 3/21               [0m [36mfn1[0m=[35mLoanProposalImpl.finalizeLoanTermsAndTransferColl(uint256)[0m [36mfn2[0m=[35mLoanProposalImpl.exerciseConversion()[0m [36mgroup[0m=[35mContracts[0m [36mphase[0m=[35m2[0m
[2m2026-09-17T12:26:40.756611[0m [[32m[1minfo     [0m] [1mValidated 3/21                [0m [36mfn1[0m=[35mLoanProposalImpl.finalizeLoanTermsAndTransferColl(uint256)[0m [36mfn2[0m=[35mLoanProposalImpl.exerciseConversion()[0m [36mgroup[0m=[35mContracts[0m [36mphase[0m=[35m2[0m [36mresult[0m=[35mvulnerable[0m [36mtime[0m=[35m1.99s[0m
[2m2026-09-17T12:26:40.757233[0m [[32m[1minfo     [0m] [1mValidating 4/21               [0m [36mfn1[0m=[35mLoanProposalImpl.finalizeLoanTermsAndTransferColl(uint256)[0m [36mfn2[0m=[35mLoanProposalImpl.repay(uint256)[0m [36mgroup[0m=[35mContracts[0m [36mphase[0m=[35m2[0m
[2m2026-09-17T12:26:43.735455[0m [[32m[1minfo     [0m] [1mValidated 4/21                [0m [36mfn1[0m=[35mLoanProposalImpl.finalizeLoanTermsAndTransferColl(uint256)[0m [36mfn2[0m=[35mLoanProposalImpl.repay(uint256)[0m [36mgroup[0m=[35mContracts[0m [36mphase[0m=[35m2[0m [36mresult[0m=[35mvulnerable[0m [36mtime[0m=[35m2.98s[0m
[2m2026-09-17T12:26:43.736843[0m [[32m[1minfo     [0m] [1mValidating 5/21               [0m [36mfn1[0m=[35mLoanProposalImpl.finalizeLoanTermsAndTransferColl(uint256)[0m [36mfn2[0m=[35mLoanProposalImpl.claimRepayment(uint256)[0m [36mgroup[0m=[35mContracts[0m [36mphase[0m=[35m2[0m
[2m2026-09-17T12:26:45.517319[0m [[32m[1minfo     [0m] [1mValidated 5/21                [0m [36mfn1[0m=[35mLoanProposalImpl.finalizeLoanTermsAndTransferColl(uint256)[0m [36mfn2[0m=[35mLoanProposalImpl.claimRepayment(uint256)[0m [36mgroup[0m=[35mContracts[0m [36mphase[0m=[35m2[0m [36mresult[0m=[35mvulnerable[0m [36mtime[0m=[35m1.78s[0m
[2m2026-09-17T12:26:45.518024[0m [[32m[1minfo     [0m] [1mValidating 6/21               [0m [36mfn1[0m=[35mLoanProposalImpl.finalizeLoanTermsAndTransferColl(uint256)[0m [36mfn2[0m=[35mLoanProposalImpl.claimDefaultProceeds()[0m [36mgroup[0m=[35mContracts[0m [36mphase[0m=[35m2[0m
[2m2026-09-17T12:26:47.734299[0m [[32m[1minfo     [0m] [1mValidated 6/21                [0m [36mfn1[0m=[35mLoanProposalImpl.finalizeLoanTermsAndTransferColl(uint256)[0m [36mfn2[0m=[35mLoanProposalImpl.claimDefaultProceeds()[0m [36mgroup[0m=[35mContracts[0m [36mphase[0m=[35m2[0m [36mresult[0m=[35mvulnerable[0m [36mtime[0m=[35m2.22s[0m
[2m2026-09-17T12:26:47.734832[0m [[32m[1minfo     [0m] [1mValidating 7/21               [0m [36mfn1[0m=[35mLoanProposalImpl.rollback()[0m [36mfn2[0m=[35mLoanProposalImpl.rollback()[0m [36mgroup[0m=[35mContracts[0m [36mphase[0m=[35m2[0m
[2m2026-09-17T12:26:48.667729[0m [[32m[1minfo     [0m] [1mValidated 7/21                [0m [36mfn1[0m=[35mLoanProposalImpl.rollback()[0m [36mfn2[0m=[35mLoanProposalImpl.rollback()[0m [36mgroup[0m=[35mContracts[0m [36mphase[0m=[35m2[0m [36mresult[0m=[35mvulnerable[0m [36mtime[0m=[35m0.93s[0m
[2m2026-09-17T12:26:48.668220[0m [[32m[1minfo     [0m] [1mValidating 8/21               [0m [36mfn1[0m=[35mLoanProposalImpl.rollback()[0m [36mfn2[0m=[35mLoanProposalImpl.exerciseConversion()[0m [36mgroup[0m=[35mContracts[0m [36mphase[0m=[35m2[0m
[2m2026-09-17T12:26:49.373903[0m [[32m[1minfo     [0m] [1mValidated 8/21                [0m [36mfn1[0m=[35mLoanProposalImpl.rollback()[0m [36mfn2[0m=[35mLoanProposalImpl.exerciseConversion()[0m [36mgroup[0m=[35mContracts[0m [36mphase[0m=[35m2[0m [36mresult[0m=[35mvulnerable[0m [36mtime[0m=[35m0.71s[0m
[2m2026-09-17T12:26:49.374501[0m [[32m[1minfo     [0m] [1mValidating 9/21               [0m [36mfn1[0m=[35mLoanProposalImpl.rollback()[0m [36mfn2[0m=[35mLoanProposalImpl.repay(uint256)[0m [36mgroup[0m=[35mContracts[0m [36mphase[0m=[35m2[0m
[2m2026-09-17T12:26:50.090280[0m [[32m[1minfo     [0m] [1mValidated 9/21                [0m [36mfn1[0m=[35mLoanProposalImpl.rollback()[0m [36mfn2[0m=[35mLoanProposalImpl.repay(uint256)[0m [36mgroup[0m=[35mContracts[0m [36mphase[0m=[35m2[0m [36mresult[0m=[35mvulnerable[0m [36mtime[0m=[35m0.72s[0m
[2m2026-09-17T12:26:50.090694[0m [[32m[1minfo     [0m] [1mValidating 10/21              [0m [36mfn1[0m=[35mLoanProposalImpl.rollback()[0m [36mfn2[0m=[35mLoanProposalImpl.claimRepayment(uint256)[0m [36mgroup[0m=[35mContracts[0m [36mphase[0m=[35m2[0m
[2m2026-09-17T12:26:50.719398[0m [[32m[1minfo     [0m] [1mValidated 10/21               [0m [36mfn1[0m=[35mLoanProposalImpl.rollback()[0m [36mfn2[0m=[35mLoanProposalImpl.claimRepayment(uint256)[0m [36mgroup[0m=[35mContracts[0m [36mphase[0m=[35m2[0m [36mresult[0m=[35mvulnerable[0m [36mtime[0m=[35m0.63s[0m
[2m2026-09-17T12:26:50.719817[0m [[32m[1minfo     [0m] [1mValidating 11/21              [0m [36mfn1[0m=[35mLoanProposalImpl.rollback()[0m [36mfn2[0m=[35mLoanProposalImpl.claimDefaultProceeds()[0m [36mgroup[0m=[35mContracts[0m [36mphase[0m=[35m2[0m
[2m2026-09-17T12:26:51.450172[0m [[32m[1minfo     [0m] [1mValidated 11/21               [0m [36mfn1[0m=[35mLoanProposalImpl.rollback()[0m [36mfn2[0m=[35mLoanProposalImpl.claimDefaultProceeds()[0m [36mgroup[0m=[35mContracts[0m [36mphase[0m=[35m2[0m [36mresult[0m=[35mvulnerable[0m [36mtime[0m=[35m0.73s[0m
[2m2026-09-17T12:26:51.450649[0m [[32m[1minfo     [0m] [1mValidating 12/21              [0m [36mfn1[0m=[35mLoanProposalImpl.exerciseConversion()[0m [36mfn2[0m=[35mLoanProposalImpl.exerciseConversion()[0m [36mgroup[0m=[35mContracts[0m [36mphase[0m=[35m2[0m
[2m2026-09-17T12:26:52.659364[0m [[32m[1minfo     [0m] [1mValidated 12/21               [0m [36mfn1[0m=[35mLoanProposalImpl.exerciseConversion()[0m [36mfn2[0m=[35mLoanProposalImpl.exerciseConversion()[0m [36mgroup[0m=[35mContracts[0m [36mphase[0m=[35m2[0m [36mresult[0m=[35mvulnerable[0m [36mtime[0m=[35m1.21s[0m
[2m2026-09-17T12:26:52.659758[0m [[32m[1minfo     [0m] [1mValidating 13/21              [0m [36mfn1[0m=[35mLoanProposalImpl.exerciseConversion()[0m [36mfn2[0m=[35mLoanProposalImpl.repay(uint256)[0m [36mgroup[0m=[35mContracts[0m [36mphase[0m=[35m2[0m
[2m2026-09-17T12:26:53.436786[0m [[32m[1minfo     [0m] [1mValidated 13/21               [0m [36mfn1[0m=[35mLoanProposalImpl.exerciseConversion()[0m [36mfn2[0m=[35mLoanProposalImpl.repay(uint256)[0m [36mgroup[0m=[35mContracts[0m [36mphase[0m=[35m2[0m [36mresult[0m=[35mvulnerable[0m [36mtime[0m=[35m0.78s[0m
[2m2026-09-17T12:26:53.437335[0m [[32m[1minfo     [0m] [1mValidating 14/21              [0m [36mfn1[0m=[35mLoanProposalImpl.exerciseConversion()[0m [36mfn2[0m=[35mLoanProposalImpl.claimRepayment(uint256)[0m [36mgroup[0m=[35mContracts[0m [36mphase[0m=[35m2[0m
[2m2026-09-17T12:26:54.117250[0m [[32m[1minfo     [0m] [1mValidated 14/21               [0m [36mfn1[0m=[35mLoanProposalImpl.exerciseConversion()[0m [36mfn2[0m=[35mLoanProposalImpl.claimRepayment(uint256)[0m [36mgroup[0m=[35mContracts[0m [36mphase[0m=[35m2[0m [36mresult[0m=[35mvulnerable[0m [36mtime[0m=[35m0.68s[0m
[2m2026-09-17T12:26:54.117679[0m [[32m[1minfo     [0m] [1mValidating 15/21              [0m [36mfn1[0m=[35mLoanProposalImpl.exerciseConversion()[0m [36mfn2[0m=[35mLoanProposalImpl.claimDefaultProceeds()[0m [36mgroup[0m=[35mContracts[0m [36mphase[0m=[35m2[0m
[2m2026-09-17T12:26:54.850647[0m [[32m[1minfo     [0m] [1mValidated 15/21               [0m [36mfn1[0m=[35mLoanProposalImpl.exerciseConversion()[0m [36mfn2[0m=[35mLoanProposalImpl.claimDefaultProceeds()[0m [36mgroup[0m=[35mContracts[0m [36mphase[0m=[35m2[0m [36mresult[0m=[35mvulnerable[0m [36mtime[0m=[35m0.73s[0m
[2m2026-09-17T12:26:54.851039[0m [[32m[1minfo     [0m] [1mValidating 16/21              [0m [36mfn1[0m=[35mLoanProposalImpl.repay(uint256)[0m [36mfn2[0m=[35mLoanProposalImpl.repay(uint256)[0m [36mgroup[0m=[35mContracts[0m [36mphase[0m=[35m2[0m
[2m2026-09-17T12:26:56.059473[0m [[32m[1minfo     [0m] [1mValidated 16/21               [0m [36mfn1[0m=[35mLoanProposalImpl.repay(uint256)[0m [36mfn2[0m=[35mLoanProposalImpl.repay(uint256)[0m [36mgroup[0m=[35mContracts[0m [36mphase[0m=[35m2[0m [36mresult[0m=[35mvulnerable[0m [36mtime[0m=[35m1.21s[0m
[2m2026-09-17T12:26:56.059930[0m [[32m[1minfo     [0m] [1mValidating 17/21              [0m [36mfn1[0m=[35mLoanProposalImpl.repay(uint256)[0m [36mfn2[0m=[35mLoanProposalImpl.claimRepayment(uint256)[0m [36mgroup[0m=[35mContracts[0m [36mphase[0m=[35m2[0m
[2m2026-09-17T12:26:56.727628[0m [[32m[1minfo     [0m] [1mValidated 17/21               [0m [36mfn1[0m=[35mLoanProposalImpl.repay(uint256)[0m [36mfn2[0m=[35mLoanProposalImpl.claimRepayment(uint256)[0m [36mgroup[0m=[35mContracts[0m [36mphase[0m=[35m2[0m [36mresult[0m=[35mvulnerable[0m [36mtime[0m=[35m0.67s[0m
[2m2026-09-17T12:26:56.728043[0m [[32m[1minfo     [0m] [1mValidating 18/21              [0m [36mfn1[0m=[35mLoanProposalImpl.repay(uint256)[0m [36mfn2[0m=[35mLoanProposalImpl.claimDefaultProceeds()[0m [36mgroup[0m=[35mContracts[0m [36mphase[0m=[35m2[0m
[2m2026-09-17T12:26:57.611555[0m [[32m[1minfo     [0m] [1mValidated 18/21               [0m [36mfn1[0m=[35mLoanProposalImpl.repay(uint256)[0m [36mfn2[0m=[35mLoanProposalImpl.claimDefaultProceeds()[0m [36mgroup[0m=[35mContracts[0m [36mphase[0m=[35m2[0m [36mresult[0m=[35mvulnerable[0m [36mtime[0m=[35m0.88s[0m
[2m2026-09-17T12:26:57.612041[0m [[32m[1minfo     [0m] [1mValidating 19/21              [0m [36mfn1[0m=[35mLoanProposalImpl.claimRepayment(uint256)[0m [36mfn2[0m=[35mLoanProposalImpl.claimRepayment(uint256)[0m [36mgroup[0m=[35mContracts[0m [36mphase[0m=[35m2[0m
[2m2026-09-17T12:26:58.667136[0m [[32m[1minfo     [0m] [1mValidated 19/21               [0m [36mfn1[0m=[35mLoanProposalImpl.claimRepayment(uint256)[0m [36mfn2[0m=[35mLoanProposalImpl.claimRepayment(uint256)[0m [36mgroup[0m=[35mContracts[0m [36mphase[0m=[35m2[0m [36mresult[0m=[35mvulnerable[0m [36mtime[0m=[35m1.05s[0m
[2m2026-09-17T12:26:58.667539[0m [[32m[1minfo     [0m] [1mValidating 20/21              [0m [36mfn1[0m=[35mLoanProposalImpl.claimRepayment(uint256)[0m [36mfn2[0m=[35mLoanProposalImpl.claimDefaultProceeds()[0m [36mgroup[0m=[35mContracts[0m [36mphase[0m=[35m2[0m
[2m2026-09-17T12:26:59.289917[0m [[32m[1minfo     [0m] [1mValidated 20/21               [0m [36mfn1[0m=[35mLoanProposalImpl.claimRepayment(uint256)[0m [36mfn2[0m=[35mLoanProposalImpl.claimDefaultProceeds()[0m [36mgroup[0m=[35mContracts[0m [36mphase[0m=[35m2[0m [36mresult[0m=[35mvulnerable[0m [36mtime[0m=[35m0.62s[0m
[2m2026-09-17T12:26:59.290333[0m [[32m[1minfo     [0m] [1mValidating 21/21              [0m [36mfn1[0m=[35mLoanProposalImpl.claimDefaultProceeds()[0m [36mfn2[0m=[35mLoanProposalImpl.claimDefaultProceeds()[0m [36mgroup[0m=[35mContracts[0m [36mphase[0m=[35m2[0m
[2m2026-09-17T12:27:00.902951[0m [[32m[1minfo     [0m] [1mValidated 21/21               [0m [36mfn1[0m=[35mLoanProposalImpl.claimDefaultProceeds()[0m [36mfn2[0m=[35mLoanProposalImpl.claimDefaultProceeds()[0m [36mgroup[0m=[35mContracts[0m [36mphase[0m=[35m2[0m [36mresult[0m=[35mvulnerable[0m [36mtime[0m=[35m1.61s[0m
[2m2026-09-17T12:27:00.903693[0m [[32m[1minfo     [0m] [1mPhase 2 analysis finished     [0m [36mgroup[0m=[35mContracts[0m [36mnegatives[0m=[35m0[0m [36mpositives[0m=[35m21[0m [36mtime[0m=[35m34.90s[0m [36munknowns[0m=[35m0[0m
[2m2026-09-17T12:27:00.907482[0m [[32m[1minfo     [0m] [1mAnalysis result written       [0m [36mgroup[0m=[35mContracts[0m [36moutput[0m=[35mresult.json[0m
[2m2026-09-17T12:27:00.908254[0m [[32m[1minfo     [0m] [1mAnalysis finished             [0m [36mgroup[0m=[35mContracts[0m [36mpairs[0m=[35m21[0m [36mtime[0m=[35m37.914397954940796[0m
[2m2026-09-17T12:27:00.912196[0m [[32m[1minfo     [0m] [1mProfiling result              [0m [36mresult[0m=[35m'{"total_time": 37.91675066947937, "phase0_time": 2.6333513259887695, "phase1_time": 0.37073206901550293, "phase2_time": 34.90343642234802, "hfg_time": 0.11574578285217285, "prune_time": 0.25498151779174805, "summarization_time": 2.187469244003296, "application_time": 19.544671297073364, "solving_time": 10.902414560317993, "full_pairs": 78, "candidate_pairs": 21, "positives": 21, "negatives": 0, "unknowns": 0}'[0m
