[2m2026-09-17T11:37:32.996052[0m [[32m[1minfo     [0m] [1mCommand-line arguments        [0m [36mfocus[0m=[35m[][0m [36mlog_file[0m=[35mNone[0m [36mname[0m=[35mContracts[0m [36moutput[0m=[35mresult.json[0m [36mrepos[0m=[35m['/dataset/fixes/Governance_fix/'][0m
[2m2026-09-17T11:37:33.000074[0m [[32m[1minfo     [0m] [1mAnalysis configuration        [0m [36mfunction_timeout[0m=[35minfs[0m [36mpair_timeout[0m=[35minfs[0m [36msolver_timeout[0m=[35m60.00s[0m
[2m2026-09-17T11:37:33.000943[0m [[32m[1minfo     [0m] [1mAnalysis started              [0m [36mgroup[0m=[35mContracts[0m
[2m2026-09-17T11:37:33.001209[0m [[32m[1minfo     [0m] [1mPhase 0 analysis started      [0m [36mgroup[0m=[35mContracts[0m
[2m2026-09-17T11:37:33.001455[0m [[32m[1minfo     [0m] [1mCompiling and analyzing contracts using Slither...[0m [36mgroup[0m=[35mContracts[0m [36mpath[0m=[35m/dataset/fixes/Governance_fix[0m [36mphase[0m=[35m0[0m [36mrepo[0m=[35mGovernance_fix[0m
[2m2026-09-17T11:37:33.003160[0m [[32m[1minfo     [0m] [1m'/root/.solc-select/artifacts/solc-0.5.8/solc-0.5.8 --version' running[0m
[2m2026-09-17T11:37:33.028628[0m [[32m[1minfo     [0m] [1m'/root/.solc-select/artifacts/solc-0.5.8/solc-0.5.8 Governance_fix.sol --combined-json abi,ast,bin,bin-runtime,srcmap,srcmap-runtime,userdoc,devdoc,hashes,compact-format --optimize --allow-paths .,/nyx' running[0m
[2m2026-09-17T11:37:35.063527[0m [[32m[1minfo     [0m] [1mPhase 0 analysis finished     [0m [36mgroup[0m=[35mContracts[0m [36mpairs[0m=[35m1431[0m [36mtime[0m=[35m2.06s[0m
[2m2026-09-17T11:37:35.066087[0m [[32m[1minfo     [0m] [1mPhase 1 analysis started      [0m [36mgroup[0m=[35mContracts[0m
[2m2026-09-17T11:37:35.397598[0m [[32m[1minfo     [0m] [1mHybrid flow graph built       [0m [36mgroup[0m=[35mContracts[0m [36mphase[0m=[35m1[0m [36mtime[0m=[35m0.33s[0m
[2m2026-09-17T11:37:36.709550[0m [[32m[1minfo     [0m] [1mPotential vulnerable function pairs collected[0m [36mgroup[0m=[35mContracts[0m [36mpairs[0m=[35m18[0m [36mphase[0m=[35m1[0m [36mtime[0m=[35m1.31s[0m
[2m2026-09-17T11:37:36.709940[0m [[32m[1minfo     [0m] [1mPhase 1 analysis finished     [0m [36mgroup[0m=[35mContracts[0m [36mpairs[0m=[35m18[0m [36mtime[0m=[35m1.64s[0m
[2m2026-09-17T11:37:36.710136[0m [[32m[1minfo     [0m] [1mPhase 2 analysis started      [0m [36mgroup[0m=[35mContracts[0m
[2m2026-09-17T11:37:36.914804[0m [[32m[1minfo     [0m] [1mValidating 1/18               [0m [36mfn1[0m=[35mGovernance.evaluateProposalOutcome(uint256)[0m [36mfn2[0m=[35mGovernance.evaluateProposalOutcome(uint256)[0m [36mgroup[0m=[35mContracts[0m [36mphase[0m=[35m2[0m
[2m2026-09-17T11:37:45.338744[0m [[32m[1minfo     [0m] [1mValidated 1/18                [0m [36mfn1[0m=[35mGovernance.evaluateProposalOutcome(uint256)[0m [36mfn2[0m=[35mGovernance.evaluateProposalOutcome(uint256)[0m [36mgroup[0m=[35mContracts[0m [36mphase[0m=[35m2[0m [36mresult[0m=[35msafe[0m [36mtime[0m=[35m8.42s[0m
[2m2026-09-17T11:37:45.339879[0m [[32m[1minfo     [0m] [1mValidating 2/18               [0m [36mfn1[0m=[35mGovernance.evaluateProposalOutcome(uint256)[0m [36mfn2[0m=[35mGovernance.guardianExecuteTransaction(bytes32,uint256,string,bytes)[0m [36mgroup[0m=[35mContracts[0m [36mphase[0m=[35m2[0m
[2m2026-09-17T11:37:46.202393[0m [[32m[1minfo     [0m] [1mValidated 2/18                [0m [36mfn1[0m=[35mGovernance.evaluateProposalOutcome(uint256)[0m [36mfn2[0m=[35mGovernance.guardianExecuteTransaction(bytes32,uint256,string,bytes)[0m [36mgroup[0m=[35mContracts[0m [36mphase[0m=[35m2[0m [36mresult[0m=[35msafe[0m [36mtime[0m=[35m0.86s[0m
[2m2026-09-17T11:37:46.202808[0m [[32m[1minfo     [0m] [1mValidating 3/18               [0m [36mfn1[0m=[35mGovernance.guardianExecuteTransaction(bytes32,uint256,string,bytes)[0m [36mfn2[0m=[35mGovernance.guardianExecuteTransaction(bytes32,uint256,string,bytes)[0m [36mgroup[0m=[35mContracts[0m [36mphase[0m=[35m2[0m
[2m2026-09-17T11:37:47.105834[0m [[32m[1minfo     [0m] [1mValidated 3/18                [0m [36mfn1[0m=[35mGovernance.guardianExecuteTransaction(bytes32,uint256,string,bytes)[0m [36mfn2[0m=[35mGovernance.guardianExecuteTransaction(bytes32,uint256,string,bytes)[0m [36mgroup[0m=[35mContracts[0m [36mphase[0m=[35m2[0m [36mresult[0m=[35msafe[0m [36mtime[0m=[35m0.90s[0m
[2m2026-09-17T11:37:47.106792[0m [[32m[1minfo     [0m] [1mValidating 4/18               [0m [36mfn1[0m=[35mStaking.stakeRewards(uint256,address)[0m [36mfn2[0m=[35mStaking.stakeRewards(uint256,address)[0m [36mgroup[0m=[35mContracts[0m [36mphase[0m=[35m2[0m
[2m2026-09-17T11:37:49.295515[0m [[32m[1minfo     [0m] [1mValidated 4/18                [0m [36mfn1[0m=[35mStaking.stakeRewards(uint256,address)[0m [36mfn2[0m=[35mStaking.stakeRewards(uint256,address)[0m [36mgroup[0m=[35mContracts[0m [36mphase[0m=[35m2[0m [36mresult[0m=[35msafe[0m [36mtime[0m=[35m2.19s[0m
[2m2026-09-17T11:37:49.296790[0m [[32m[1minfo     [0m] [1mValidating 5/18               [0m [36mfn1[0m=[35mStaking.stakeRewards(uint256,address)[0m [36mfn2[0m=[35mStaking.stakeFor(address,uint256)[0m [36mgroup[0m=[35mContracts[0m [36mphase[0m=[35m2[0m
[2m2026-09-17T11:37:51.011883[0m [[32m[1minfo     [0m] [1mValidated 5/18                [0m [36mfn1[0m=[35mStaking.stakeRewards(uint256,address)[0m [36mfn2[0m=[35mStaking.stakeFor(address,uint256)[0m [36mgroup[0m=[35mContracts[0m [36mphase[0m=[35m2[0m [36mresult[0m=[35msafe[0m [36mtime[0m=[35m1.71s[0m
[2m2026-09-17T11:37:51.012214[0m [[32m[1minfo     [0m] [1mValidating 6/18               [0m [36mfn1[0m=[35mStaking.stakeRewards(uint256,address)[0m [36mfn2[0m=[35mStaking.unstakeFor(address,uint256)[0m [36mgroup[0m=[35mContracts[0m [36mphase[0m=[35m2[0m
[2m2026-09-17T11:37:52.647558[0m [[32m[1minfo     [0m] [1mValidated 6/18                [0m [36mfn1[0m=[35mStaking.stakeRewards(uint256,address)[0m [36mfn2[0m=[35mStaking.unstakeFor(address,uint256)[0m [36mgroup[0m=[35mContracts[0m [36mphase[0m=[35m2[0m [36mresult[0m=[35mvulnerable[0m [36mtime[0m=[35m1.63s[0m
[2m2026-09-17T11:37:52.648223[0m [[32m[1minfo     [0m] [1mValidating 7/18               [0m [36mfn1[0m=[35mStaking.stakeRewards(uint256,address)[0m [36mfn2[0m=[35mStaking.delegateStakeFor(address,address,uint256)[0m [36mgroup[0m=[35mContracts[0m [36mphase[0m=[35m2[0m
[2m2026-09-17T11:37:53.840185[0m [[32m[1minfo     [0m] [1mValidated 7/18                [0m [36mfn1[0m=[35mStaking.stakeRewards(uint256,address)[0m [36mfn2[0m=[35mStaking.delegateStakeFor(address,address,uint256)[0m [36mgroup[0m=[35mContracts[0m [36mphase[0m=[35m2[0m [36mresult[0m=[35msafe[0m [36mtime[0m=[35m1.19s[0m
[2m2026-09-17T11:37:53.840792[0m [[32m[1minfo     [0m] [1mValidating 8/18               [0m [36mfn1[0m=[35mStaking.stakeRewards(uint256,address)[0m [36mfn2[0m=[35mStaking.undelegateStakeFor(address,address,uint256)[0m [36mgroup[0m=[35mContracts[0m [36mphase[0m=[35m2[0m
[2m2026-09-17T11:37:54.893499[0m [[32m[1minfo     [0m] [1mValidated 8/18                [0m [36mfn1[0m=[35mStaking.stakeRewards(uint256,address)[0m [36mfn2[0m=[35mStaking.undelegateStakeFor(address,address,uint256)[0m [36mgroup[0m=[35mContracts[0m [36mphase[0m=[35m2[0m [36mresult[0m=[35mvulnerable[0m [36mtime[0m=[35m1.05s[0m
[2m2026-09-17T11:37:54.893801[0m [[32m[1minfo     [0m] [1mValidating 9/18               [0m [36mfn1[0m=[35mStaking.stakeFor(address,uint256)[0m [36mfn2[0m=[35mStaking.stakeFor(address,uint256)[0m [36mgroup[0m=[35mContracts[0m [36mphase[0m=[35m2[0m
[2m2026-09-17T11:37:56.088021[0m [[32m[1minfo     [0m] [1mValidated 9/18                [0m [36mfn1[0m=[35mStaking.stakeFor(address,uint256)[0m [36mfn2[0m=[35mStaking.stakeFor(address,uint256)[0m [36mgroup[0m=[35mContracts[0m [36mphase[0m=[35m2[0m [36mresult[0m=[35msafe[0m [36mtime[0m=[35m1.19s[0m
[2m2026-09-17T11:37:56.088378[0m [[32m[1minfo     [0m] [1mValidating 10/18              [0m [36mfn1[0m=[35mStaking.stakeFor(address,uint256)[0m [36mfn2[0m=[35mStaking.unstakeFor(address,uint256)[0m [36mgroup[0m=[35mContracts[0m [36mphase[0m=[35m2[0m
[2m2026-09-17T11:37:56.828910[0m [[32m[1minfo     [0m] [1mValidated 10/18               [0m [36mfn1[0m=[35mStaking.stakeFor(address,uint256)[0m [36mfn2[0m=[35mStaking.unstakeFor(address,uint256)[0m [36mgroup[0m=[35mContracts[0m [36mphase[0m=[35m2[0m [36mresult[0m=[35msafe[0m [36mtime[0m=[35m0.74s[0m
[2m2026-09-17T11:37:56.829223[0m [[32m[1minfo     [0m] [1mValidating 11/18              [0m [36mfn1[0m=[35mStaking.stakeFor(address,uint256)[0m [36mfn2[0m=[35mStaking.delegateStakeFor(address,address,uint256)[0m [36mgroup[0m=[35mContracts[0m [36mphase[0m=[35m2[0m
[2m2026-09-17T11:37:57.591858[0m [[32m[1minfo     [0m] [1mValidated 11/18               [0m [36mfn1[0m=[35mStaking.stakeFor(address,uint256)[0m [36mfn2[0m=[35mStaking.delegateStakeFor(address,address,uint256)[0m [36mgroup[0m=[35mContracts[0m [36mphase[0m=[35m2[0m [36mresult[0m=[35msafe[0m [36mtime[0m=[35m0.76s[0m
[2m2026-09-17T11:37:57.592791[0m [[32m[1minfo     [0m] [1mValidating 12/18              [0m [36mfn1[0m=[35mStaking.stakeFor(address,uint256)[0m [36mfn2[0m=[35mStaking.undelegateStakeFor(address,address,uint256)[0m [36mgroup[0m=[35mContracts[0m [36mphase[0m=[35m2[0m
[2m2026-09-17T11:37:58.406291[0m [[32m[1minfo     [0m] [1mValidated 12/18               [0m [36mfn1[0m=[35mStaking.stakeFor(address,uint256)[0m [36mfn2[0m=[35mStaking.undelegateStakeFor(address,address,uint256)[0m [36mgroup[0m=[35mContracts[0m [36mphase[0m=[35m2[0m [36mresult[0m=[35msafe[0m [36mtime[0m=[35m0.81s[0m
[2m2026-09-17T11:37:58.406690[0m [[32m[1minfo     [0m] [1mValidating 13/18              [0m [36mfn1[0m=[35mStaking.unstakeFor(address,uint256)[0m [36mfn2[0m=[35mStaking.unstakeFor(address,uint256)[0m [36mgroup[0m=[35mContracts[0m [36mphase[0m=[35m2[0m
[2m2026-09-17T11:37:59.985328[0m [[32m[1minfo     [0m] [1mValidated 13/18               [0m [36mfn1[0m=[35mStaking.unstakeFor(address,uint256)[0m [36mfn2[0m=[35mStaking.unstakeFor(address,uint256)[0m [36mgroup[0m=[35mContracts[0m [36mphase[0m=[35m2[0m [36mresult[0m=[35msafe[0m [36mtime[0m=[35m1.58s[0m
[2m2026-09-17T11:37:59.986359[0m [[32m[1minfo     [0m] [1mValidating 14/18              [0m [36mfn1[0m=[35mStaking.unstakeFor(address,uint256)[0m [36mfn2[0m=[35mStaking.delegateStakeFor(address,address,uint256)[0m [36mgroup[0m=[35mContracts[0m [36mphase[0m=[35m2[0m
[2m2026-09-17T11:38:00.782175[0m [[32m[1minfo     [0m] [1mValidated 14/18               [0m [36mfn1[0m=[35mStaking.unstakeFor(address,uint256)[0m [36mfn2[0m=[35mStaking.delegateStakeFor(address,address,uint256)[0m [36mgroup[0m=[35mContracts[0m [36mphase[0m=[35m2[0m [36mresult[0m=[35msafe[0m [36mtime[0m=[35m0.80s[0m
[2m2026-09-17T11:38:00.783816[0m [[32m[1minfo     [0m] [1mValidating 15/18              [0m [36mfn1[0m=[35mStaking.unstakeFor(address,uint256)[0m [36mfn2[0m=[35mStaking.undelegateStakeFor(address,address,uint256)[0m [36mgroup[0m=[35mContracts[0m [36mphase[0m=[35m2[0m
[2m2026-09-17T11:38:01.794396[0m [[32m[1minfo     [0m] [1mValidated 15/18               [0m [36mfn1[0m=[35mStaking.unstakeFor(address,uint256)[0m [36mfn2[0m=[35mStaking.undelegateStakeFor(address,address,uint256)[0m [36mgroup[0m=[35mContracts[0m [36mphase[0m=[35m2[0m [36mresult[0m=[35mvulnerable[0m [36mtime[0m=[35m1.01s[0m
[2m2026-09-17T11:38:01.795792[0m [[32m[1minfo     [0m] [1mValidating 16/18              [0m [36mfn1[0m=[35mStaking.delegateStakeFor(address,address,uint256)[0m [36mfn2[0m=[35mStaking.delegateStakeFor(address,address,uint256)[0m [36mgroup[0m=[35mContracts[0m [36mphase[0m=[35m2[0m
[2m2026-09-17T11:38:03.060891[0m [[32m[1minfo     [0m] [1mValidated 16/18               [0m [36mfn1[0m=[35mStaking.delegateStakeFor(address,address,uint256)[0m [36mfn2[0m=[35mStaking.delegateStakeFor(address,address,uint256)[0m [36mgroup[0m=[35mContracts[0m [36mphase[0m=[35m2[0m [36mresult[0m=[35msafe[0m [36mtime[0m=[35m1.26s[0m
[2m2026-09-17T11:38:03.061798[0m [[32m[1minfo     [0m] [1mValidating 17/18              [0m [36mfn1[0m=[35mStaking.delegateStakeFor(address,address,uint256)[0m [36mfn2[0m=[35mStaking.undelegateStakeFor(address,address,uint256)[0m [36mgroup[0m=[35mContracts[0m [36mphase[0m=[35m2[0m
[2m2026-09-17T11:38:03.956444[0m [[32m[1minfo     [0m] [1mValidated 17/18               [0m [36mfn1[0m=[35mStaking.delegateStakeFor(address,address,uint256)[0m [36mfn2[0m=[35mStaking.undelegateStakeFor(address,address,uint256)[0m [36mgroup[0m=[35mContracts[0m [36mphase[0m=[35m2[0m [36mresult[0m=[35msafe[0m [36mtime[0m=[35m0.89s[0m
[2m2026-09-17T11:38:03.956814[0m [[32m[1minfo     [0m] [1mValidating 18/18              [0m [36mfn1[0m=[35mStaking.undelegateStakeFor(address,address,uint256)[0m [36mfn2[0m=[35mStaking.undelegateStakeFor(address,address,uint256)[0m [36mgroup[0m=[35mContracts[0m [36mphase[0m=[35m2[0m
[2m2026-09-17T11:38:04.977228[0m [[32m[1minfo     [0m] [1mValidated 18/18               [0m [36mfn1[0m=[35mStaking.undelegateStakeFor(address,address,uint256)[0m [36mfn2[0m=[35mStaking.undelegateStakeFor(address,address,uint256)[0m [36mgroup[0m=[35mContracts[0m [36mphase[0m=[35m2[0m [36mresult[0m=[35msafe[0m [36mtime[0m=[35m1.02s[0m
[2m2026-09-17T11:38:04.978800[0m [[32m[1minfo     [0m] [1mPhase 2 analysis finished     [0m [36mgroup[0m=[35mContracts[0m [36mnegatives[0m=[35m15[0m [36mpositives[0m=[35m3[0m [36mtime[0m=[35m28.27s[0m [36munknowns[0m=[35m0[0m
[2m2026-09-17T11:38:04.981257[0m [[32m[1minfo     [0m] [1mAnalysis result written       [0m [36mgroup[0m=[35mContracts[0m [36moutput[0m=[35mresult.json[0m
[2m2026-09-17T11:38:04.984954[0m [[32m[1minfo     [0m] [1mAnalysis finished             [0m [36mgroup[0m=[35mContracts[0m [36mpairs[0m=[35m3[0m [36mtime[0m=[35m31.984054565429688[0m
[2m2026-09-17T11:38:04.990899[0m [[32m[1minfo     [0m] [1mProfiling result              [0m [36mresult[0m=[35m'{"total_time": 31.988831043243408, "phase0_time": 2.058689594268799, "phase1_time": 1.6434721946716309, "phase2_time": 28.26787567138672, "hfg_time": 0.33151960372924805, "prune_time": 1.311945915222168, "summarization_time": 2.9210307598114014, "application_time": 21.90536880493164, "solving_time": 0.20278215408325195, "full_pairs": 1431, "candidate_pairs": 18, "positives": 3, "negatives": 15, "unknowns": 0}'[0m
