[2m2026-09-17T11:41:51.763548[0m [[32m[1minfo     [0m] [1mCommand-line arguments        [0m [36mfocus[0m=[35m[][0m [36mlog_file[0m=[35mNone[0m [36mname[0m=[35mContracts[0m [36moutput[0m=[35mresult.json[0m [36mrepos[0m=[35m['/dataset/fixes/LoanProposalImpl_fix/'][0m
[2m2026-09-17T11:41:51.767519[0m [[32m[1minfo     [0m] [1mAnalysis configuration        [0m [36mfunction_timeout[0m=[35minfs[0m [36mpair_timeout[0m=[35minfs[0m [36msolver_timeout[0m=[35m60.00s[0m
[2m2026-09-17T11:41:51.768237[0m [[32m[1minfo     [0m] [1mAnalysis started              [0m [36mgroup[0m=[35mContracts[0m
[2m2026-09-17T11:41:51.769824[0m [[32m[1minfo     [0m] [1mPhase 0 analysis started      [0m [36mgroup[0m=[35mContracts[0m
[2m2026-09-17T11:41:51.770001[0m [[32m[1minfo     [0m] [1mCompiling and analyzing contracts using Slither...[0m [36mgroup[0m=[35mContracts[0m [36mpath[0m=[35m/dataset/fixes/LoanProposalImpl_fix[0m [36mphase[0m=[35m0[0m [36mrepo[0m=[35mLoanProposalImpl_fix[0m
Installing solc '0.8.19'...
Version '0.8.19' installed.
[2m2026-09-17T11:41:53.089798[0m [[32m[1minfo     [0m] [1m'/root/.solc-select/artifacts/solc-0.8.19/solc-0.8.19 --version' running[0m
[2m2026-09-17T11:41:53.144780[0m [[32m[1minfo     [0m] [1m'/root/.solc-select/artifacts/solc-0.8.19/solc-0.8.19 LoanProposalImpl_fix.sol --combined-json abi,ast,bin,bin-runtime,srcmap,srcmap-runtime,userdoc,devdoc,hashes --optimize --allow-paths .,/nyx' running[0m
[2m2026-09-17T11:41:55.122966[0m [[32m[1minfo     [0m] [1mPhase 0 analysis finished     [0m [36mgroup[0m=[35mContracts[0m [36mpairs[0m=[35m78[0m [36mtime[0m=[35m3.35s[0m
[2m2026-09-17T11:41:55.123300[0m [[32m[1minfo     [0m] [1mPhase 1 analysis started      [0m [36mgroup[0m=[35mContracts[0m
[2m2026-09-17T11:41:55.232059[0m [[32m[1minfo     [0m] [1mHybrid flow graph built       [0m [36mgroup[0m=[35mContracts[0m [36mphase[0m=[35m1[0m [36mtime[0m=[35m0.11s[0m
[2m2026-09-17T11:41:55.489700[0m [[32m[1minfo     [0m] [1mPotential vulnerable function pairs collected[0m [36mgroup[0m=[35mContracts[0m [36mpairs[0m=[35m21[0m [36mphase[0m=[35m1[0m [36mtime[0m=[35m0.26s[0m
[2m2026-09-17T11:41:55.490101[0m [[32m[1minfo     [0m] [1mPhase 1 analysis finished     [0m [36mgroup[0m=[35mContracts[0m [36mpairs[0m=[35m21[0m [36mtime[0m=[35m0.37s[0m
[2m2026-09-17T11:41:55.490371[0m [[32m[1minfo     [0m] [1mPhase 2 analysis started      [0m [36mgroup[0m=[35mContracts[0m
[2m2026-09-17T11:41:55.763479[0m [[32m[1minfo     [0m] [1mValidating 1/21               [0m [36mfn1[0m=[35mLoanProposalImpl.finalizeLoanTermsAndTransferColl(uint256)[0m [36mfn2[0m=[35mLoanProposalImpl.finalizeLoanTermsAndTransferColl(uint256)[0m [36mgroup[0m=[35mContracts[0m [36mphase[0m=[35m2[0m
[2m2026-09-17T11:41:58.580666[0m [[32m[1minfo     [0m] [1mValidated 1/21                [0m [36mfn1[0m=[35mLoanProposalImpl.finalizeLoanTermsAndTransferColl(uint256)[0m [36mfn2[0m=[35mLoanProposalImpl.finalizeLoanTermsAndTransferColl(uint256)[0m [36mgroup[0m=[35mContracts[0m [36mphase[0m=[35m2[0m [36mresult[0m=[35mvulnerable[0m [36mtime[0m=[35m2.82s[0m
[2m2026-09-17T11:41:58.581429[0m [[32m[1minfo     [0m] [1mValidating 2/21               [0m [36mfn1[0m=[35mLoanProposalImpl.finalizeLoanTermsAndTransferColl(uint256)[0m [36mfn2[0m=[35mLoanProposalImpl.rollback()[0m [36mgroup[0m=[35mContracts[0m [36mphase[0m=[35m2[0m
[2m2026-09-17T11:42:02.074197[0m [[32m[1minfo     [0m] [1mValidated 2/21                [0m [36mfn1[0m=[35mLoanProposalImpl.finalizeLoanTermsAndTransferColl(uint256)[0m [36mfn2[0m=[35mLoanProposalImpl.rollback()[0m [36mgroup[0m=[35mContracts[0m [36mphase[0m=[35m2[0m [36mresult[0m=[35msafe[0m [36mtime[0m=[35m3.49s[0m
[2m2026-09-17T11:42:02.074511[0m [[32m[1minfo     [0m] [1mValidating 3/21               [0m [36mfn1[0m=[35mLoanProposalImpl.finalizeLoanTermsAndTransferColl(uint256)[0m [36mfn2[0m=[35mLoanProposalImpl.exerciseConversion()[0m [36mgroup[0m=[35mContracts[0m [36mphase[0m=[35m2[0m
[2m2026-09-17T11:42:03.288806[0m [[32m[1minfo     [0m] [1mValidated 3/21                [0m [36mfn1[0m=[35mLoanProposalImpl.finalizeLoanTermsAndTransferColl(uint256)[0m [36mfn2[0m=[35mLoanProposalImpl.exerciseConversion()[0m [36mgroup[0m=[35mContracts[0m [36mphase[0m=[35m2[0m [36mresult[0m=[35mvulnerable[0m [36mtime[0m=[35m1.21s[0m
[2m2026-09-17T11:42:03.289224[0m [[32m[1minfo     [0m] [1mValidating 4/21               [0m [36mfn1[0m=[35mLoanProposalImpl.finalizeLoanTermsAndTransferColl(uint256)[0m [36mfn2[0m=[35mLoanProposalImpl.repay(uint256)[0m [36mgroup[0m=[35mContracts[0m [36mphase[0m=[35m2[0m
[2m2026-09-17T11:42:05.791809[0m [[32m[1minfo     [0m] [1mValidated 4/21                [0m [36mfn1[0m=[35mLoanProposalImpl.finalizeLoanTermsAndTransferColl(uint256)[0m [36mfn2[0m=[35mLoanProposalImpl.repay(uint256)[0m [36mgroup[0m=[35mContracts[0m [36mphase[0m=[35m2[0m [36mresult[0m=[35mvulnerable[0m [36mtime[0m=[35m2.50s[0m
[2m2026-09-17T11:42:05.792285[0m [[32m[1minfo     [0m] [1mValidating 5/21               [0m [36mfn1[0m=[35mLoanProposalImpl.finalizeLoanTermsAndTransferColl(uint256)[0m [36mfn2[0m=[35mLoanProposalImpl.claimRepayment(uint256)[0m [36mgroup[0m=[35mContracts[0m [36mphase[0m=[35m2[0m
[2m2026-09-17T11:42:06.840298[0m [[32m[1minfo     [0m] [1mValidated 5/21                [0m [36mfn1[0m=[35mLoanProposalImpl.finalizeLoanTermsAndTransferColl(uint256)[0m [36mfn2[0m=[35mLoanProposalImpl.claimRepayment(uint256)[0m [36mgroup[0m=[35mContracts[0m [36mphase[0m=[35m2[0m [36mresult[0m=[35mvulnerable[0m [36mtime[0m=[35m1.05s[0m
[2m2026-09-17T11:42:06.840692[0m [[32m[1minfo     [0m] [1mValidating 6/21               [0m [36mfn1[0m=[35mLoanProposalImpl.finalizeLoanTermsAndTransferColl(uint256)[0m [36mfn2[0m=[35mLoanProposalImpl.claimDefaultProceeds()[0m [36mgroup[0m=[35mContracts[0m [36mphase[0m=[35m2[0m
[2m2026-09-17T11:42:08.151159[0m [[32m[1minfo     [0m] [1mValidated 6/21                [0m [36mfn1[0m=[35mLoanProposalImpl.finalizeLoanTermsAndTransferColl(uint256)[0m [36mfn2[0m=[35mLoanProposalImpl.claimDefaultProceeds()[0m [36mgroup[0m=[35mContracts[0m [36mphase[0m=[35m2[0m [36mresult[0m=[35mvulnerable[0m [36mtime[0m=[35m1.31s[0m
[2m2026-09-17T11:42:08.152794[0m [[32m[1minfo     [0m] [1mValidating 7/21               [0m [36mfn1[0m=[35mLoanProposalImpl.rollback()[0m [36mfn2[0m=[35mLoanProposalImpl.rollback()[0m [36mgroup[0m=[35mContracts[0m [36mphase[0m=[35m2[0m
[2m2026-09-17T11:42:08.941259[0m [[32m[1minfo     [0m] [1mValidated 7/21                [0m [36mfn1[0m=[35mLoanProposalImpl.rollback()[0m [36mfn2[0m=[35mLoanProposalImpl.rollback()[0m [36mgroup[0m=[35mContracts[0m [36mphase[0m=[35m2[0m [36mresult[0m=[35msafe[0m [36mtime[0m=[35m0.79s[0m
[2m2026-09-17T11:42:08.942809[0m [[32m[1minfo     [0m] [1mValidating 8/21               [0m [36mfn1[0m=[35mLoanProposalImpl.rollback()[0m [36mfn2[0m=[35mLoanProposalImpl.exerciseConversion()[0m [36mgroup[0m=[35mContracts[0m [36mphase[0m=[35m2[0m
[2m2026-09-17T11:42:09.501915[0m [[32m[1minfo     [0m] [1mValidated 8/21                [0m [36mfn1[0m=[35mLoanProposalImpl.rollback()[0m [36mfn2[0m=[35mLoanProposalImpl.exerciseConversion()[0m [36mgroup[0m=[35mContracts[0m [36mphase[0m=[35m2[0m [36mresult[0m=[35msafe[0m [36mtime[0m=[35m0.56s[0m
[2m2026-09-17T11:42:09.502240[0m [[32m[1minfo     [0m] [1mValidating 9/21               [0m [36mfn1[0m=[35mLoanProposalImpl.rollback()[0m [36mfn2[0m=[35mLoanProposalImpl.repay(uint256)[0m [36mgroup[0m=[35mContracts[0m [36mphase[0m=[35m2[0m
[2m2026-09-17T11:42:10.033159[0m [[32m[1minfo     [0m] [1mValidated 9/21                [0m [36mfn1[0m=[35mLoanProposalImpl.rollback()[0m [36mfn2[0m=[35mLoanProposalImpl.repay(uint256)[0m [36mgroup[0m=[35mContracts[0m [36mphase[0m=[35m2[0m [36mresult[0m=[35msafe[0m [36mtime[0m=[35m0.53s[0m
[2m2026-09-17T11:42:10.035775[0m [[32m[1minfo     [0m] [1mValidating 10/21              [0m [36mfn1[0m=[35mLoanProposalImpl.rollback()[0m [36mfn2[0m=[35mLoanProposalImpl.claimRepayment(uint256)[0m [36mgroup[0m=[35mContracts[0m [36mphase[0m=[35m2[0m
[2m2026-09-17T11:42:10.626358[0m [[32m[1minfo     [0m] [1mValidated 10/21               [0m [36mfn1[0m=[35mLoanProposalImpl.rollback()[0m [36mfn2[0m=[35mLoanProposalImpl.claimRepayment(uint256)[0m [36mgroup[0m=[35mContracts[0m [36mphase[0m=[35m2[0m [36mresult[0m=[35msafe[0m [36mtime[0m=[35m0.59s[0m
[2m2026-09-17T11:42:10.627811[0m [[32m[1minfo     [0m] [1mValidating 11/21              [0m [36mfn1[0m=[35mLoanProposalImpl.rollback()[0m [36mfn2[0m=[35mLoanProposalImpl.claimDefaultProceeds()[0m [36mgroup[0m=[35mContracts[0m [36mphase[0m=[35m2[0m
[2m2026-09-17T11:42:11.241256[0m [[32m[1minfo     [0m] [1mValidated 11/21               [0m [36mfn1[0m=[35mLoanProposalImpl.rollback()[0m [36mfn2[0m=[35mLoanProposalImpl.claimDefaultProceeds()[0m [36mgroup[0m=[35mContracts[0m [36mphase[0m=[35m2[0m [36mresult[0m=[35msafe[0m [36mtime[0m=[35m0.61s[0m
[2m2026-09-17T11:42:11.243800[0m [[32m[1minfo     [0m] [1mValidating 12/21              [0m [36mfn1[0m=[35mLoanProposalImpl.exerciseConversion()[0m [36mfn2[0m=[35mLoanProposalImpl.exerciseConversion()[0m [36mgroup[0m=[35mContracts[0m [36mphase[0m=[35m2[0m
[2m2026-09-17T11:42:12.238084[0m [[32m[1minfo     [0m] [1mValidated 12/21               [0m [36mfn1[0m=[35mLoanProposalImpl.exerciseConversion()[0m [36mfn2[0m=[35mLoanProposalImpl.exerciseConversion()[0m [36mgroup[0m=[35mContracts[0m [36mphase[0m=[35m2[0m [36mresult[0m=[35mvulnerable[0m [36mtime[0m=[35m0.99s[0m
[2m2026-09-17T11:42:12.238833[0m [[32m[1minfo     [0m] [1mValidating 13/21              [0m [36mfn1[0m=[35mLoanProposalImpl.exerciseConversion()[0m [36mfn2[0m=[35mLoanProposalImpl.repay(uint256)[0m [36mgroup[0m=[35mContracts[0m [36mphase[0m=[35m2[0m
[2m2026-09-17T11:42:13.074542[0m [[32m[1minfo     [0m] [1mValidated 13/21               [0m [36mfn1[0m=[35mLoanProposalImpl.exerciseConversion()[0m [36mfn2[0m=[35mLoanProposalImpl.repay(uint256)[0m [36mgroup[0m=[35mContracts[0m [36mphase[0m=[35m2[0m [36mresult[0m=[35mvulnerable[0m [36mtime[0m=[35m0.84s[0m
[2m2026-09-17T11:42:13.075795[0m [[32m[1minfo     [0m] [1mValidating 14/21              [0m [36mfn1[0m=[35mLoanProposalImpl.exerciseConversion()[0m [36mfn2[0m=[35mLoanProposalImpl.claimRepayment(uint256)[0m [36mgroup[0m=[35mContracts[0m [36mphase[0m=[35m2[0m
[2m2026-09-17T11:42:13.649926[0m [[32m[1minfo     [0m] [1mValidated 14/21               [0m [36mfn1[0m=[35mLoanProposalImpl.exerciseConversion()[0m [36mfn2[0m=[35mLoanProposalImpl.claimRepayment(uint256)[0m [36mgroup[0m=[35mContracts[0m [36mphase[0m=[35m2[0m [36mresult[0m=[35mvulnerable[0m [36mtime[0m=[35m0.57s[0m
[2m2026-09-17T11:42:13.650236[0m [[32m[1minfo     [0m] [1mValidating 15/21              [0m [36mfn1[0m=[35mLoanProposalImpl.exerciseConversion()[0m [36mfn2[0m=[35mLoanProposalImpl.claimDefaultProceeds()[0m [36mgroup[0m=[35mContracts[0m [36mphase[0m=[35m2[0m
[2m2026-09-17T11:42:14.355538[0m [[32m[1minfo     [0m] [1mValidated 15/21               [0m [36mfn1[0m=[35mLoanProposalImpl.exerciseConversion()[0m [36mfn2[0m=[35mLoanProposalImpl.claimDefaultProceeds()[0m [36mgroup[0m=[35mContracts[0m [36mphase[0m=[35m2[0m [36mresult[0m=[35mvulnerable[0m [36mtime[0m=[35m0.70s[0m
[2m2026-09-17T11:42:14.357082[0m [[32m[1minfo     [0m] [1mValidating 16/21              [0m [36mfn1[0m=[35mLoanProposalImpl.repay(uint256)[0m [36mfn2[0m=[35mLoanProposalImpl.repay(uint256)[0m [36mgroup[0m=[35mContracts[0m [36mphase[0m=[35m2[0m
[2m2026-09-17T11:42:15.185933[0m [[32m[1minfo     [0m] [1mValidated 16/21               [0m [36mfn1[0m=[35mLoanProposalImpl.repay(uint256)[0m [36mfn2[0m=[35mLoanProposalImpl.repay(uint256)[0m [36mgroup[0m=[35mContracts[0m [36mphase[0m=[35m2[0m [36mresult[0m=[35mvulnerable[0m [36mtime[0m=[35m0.83s[0m
[2m2026-09-17T11:42:15.186279[0m [[32m[1minfo     [0m] [1mValidating 17/21              [0m [36mfn1[0m=[35mLoanProposalImpl.repay(uint256)[0m [36mfn2[0m=[35mLoanProposalImpl.claimRepayment(uint256)[0m [36mgroup[0m=[35mContracts[0m [36mphase[0m=[35m2[0m
[2m2026-09-17T11:42:15.761740[0m [[32m[1minfo     [0m] [1mValidated 17/21               [0m [36mfn1[0m=[35mLoanProposalImpl.repay(uint256)[0m [36mfn2[0m=[35mLoanProposalImpl.claimRepayment(uint256)[0m [36mgroup[0m=[35mContracts[0m [36mphase[0m=[35m2[0m [36mresult[0m=[35mvulnerable[0m [36mtime[0m=[35m0.57s[0m
[2m2026-09-17T11:42:15.763103[0m [[32m[1minfo     [0m] [1mValidating 18/21              [0m [36mfn1[0m=[35mLoanProposalImpl.repay(uint256)[0m [36mfn2[0m=[35mLoanProposalImpl.claimDefaultProceeds()[0m [36mgroup[0m=[35mContracts[0m [36mphase[0m=[35m2[0m
[2m2026-09-17T11:42:16.430117[0m [[32m[1minfo     [0m] [1mValidated 18/21               [0m [36mfn1[0m=[35mLoanProposalImpl.repay(uint256)[0m [36mfn2[0m=[35mLoanProposalImpl.claimDefaultProceeds()[0m [36mgroup[0m=[35mContracts[0m [36mphase[0m=[35m2[0m [36mresult[0m=[35mvulnerable[0m [36mtime[0m=[35m0.67s[0m
[2m2026-09-17T11:42:16.430548[0m [[32m[1minfo     [0m] [1mValidating 19/21              [0m [36mfn1[0m=[35mLoanProposalImpl.claimRepayment(uint256)[0m [36mfn2[0m=[35mLoanProposalImpl.claimRepayment(uint256)[0m [36mgroup[0m=[35mContracts[0m [36mphase[0m=[35m2[0m
[2m2026-09-17T11:42:17.564085[0m [[32m[1minfo     [0m] [1mValidated 19/21               [0m [36mfn1[0m=[35mLoanProposalImpl.claimRepayment(uint256)[0m [36mfn2[0m=[35mLoanProposalImpl.claimRepayment(uint256)[0m [36mgroup[0m=[35mContracts[0m [36mphase[0m=[35m2[0m [36mresult[0m=[35mvulnerable[0m [36mtime[0m=[35m1.13s[0m
[2m2026-09-17T11:42:17.564495[0m [[32m[1minfo     [0m] [1mValidating 20/21              [0m [36mfn1[0m=[35mLoanProposalImpl.claimRepayment(uint256)[0m [36mfn2[0m=[35mLoanProposalImpl.claimDefaultProceeds()[0m [36mgroup[0m=[35mContracts[0m [36mphase[0m=[35m2[0m
[2m2026-09-17T11:42:18.093858[0m [[32m[1minfo     [0m] [1mValidated 20/21               [0m [36mfn1[0m=[35mLoanProposalImpl.claimRepayment(uint256)[0m [36mfn2[0m=[35mLoanProposalImpl.claimDefaultProceeds()[0m [36mgroup[0m=[35mContracts[0m [36mphase[0m=[35m2[0m [36mresult[0m=[35mvulnerable[0m [36mtime[0m=[35m0.53s[0m
[2m2026-09-17T11:42:18.094194[0m [[32m[1minfo     [0m] [1mValidating 21/21              [0m [36mfn1[0m=[35mLoanProposalImpl.claimDefaultProceeds()[0m [36mfn2[0m=[35mLoanProposalImpl.claimDefaultProceeds()[0m [36mgroup[0m=[35mContracts[0m [36mphase[0m=[35m2[0m
[2m2026-09-17T11:42:19.309669[0m [[32m[1minfo     [0m] [1mValidated 21/21               [0m [36mfn1[0m=[35mLoanProposalImpl.claimDefaultProceeds()[0m [36mfn2[0m=[35mLoanProposalImpl.claimDefaultProceeds()[0m [36mgroup[0m=[35mContracts[0m [36mphase[0m=[35m2[0m [36mresult[0m=[35mvulnerable[0m [36mtime[0m=[35m1.22s[0m
[2m2026-09-17T11:42:19.310256[0m [[32m[1minfo     [0m] [1mPhase 2 analysis finished     [0m [36mgroup[0m=[35mContracts[0m [36mnegatives[0m=[35m6[0m [36mpositives[0m=[35m15[0m [36mtime[0m=[35m23.82s[0m [36munknowns[0m=[35m0[0m
[2m2026-09-17T11:42:19.311818[0m [[32m[1minfo     [0m] [1mAnalysis result written       [0m [36mgroup[0m=[35mContracts[0m [36moutput[0m=[35mresult.json[0m
[2m2026-09-17T11:42:19.312276[0m [[32m[1minfo     [0m] [1mAnalysis finished             [0m [36mgroup[0m=[35mContracts[0m [36mpairs[0m=[35m15[0m [36mtime[0m=[35m27.544042825698853[0m
[2m2026-09-17T11:42:19.315324[0m [[32m[1minfo     [0m] [1mProfiling result              [0m [36mresult[0m=[35m'{"total_time": 27.54586434364319, "phase0_time": 3.3525233268737793, "phase1_time": 0.3665473461151123, "phase2_time": 23.819594383239746, "hfg_time": 0.10880303382873535, "prune_time": 0.2577385902404785, "summarization_time": 1.860079288482666, "application_time": 14.769130229949951, "solving_time": 5.073540210723877, "full_pairs": 78, "candidate_pairs": 21, "positives": 15, "negatives": 6, "unknowns": 0}'[0m
