[2m2026-09-17T11:42:27.245854[0m [[32m[1minfo     [0m] [1mCommand-line arguments        [0m [36mfocus[0m=[35m[][0m [36mlog_file[0m=[35mNone[0m [36mname[0m=[35mContracts[0m [36moutput[0m=[35mresult.json[0m [36mrepos[0m=[35m['/dataset/fixes/OptionsContract_fix/'][0m
[2m2026-09-17T11:42:27.251497[0m [[32m[1minfo     [0m] [1mAnalysis configuration        [0m [36mfunction_timeout[0m=[35minfs[0m [36mpair_timeout[0m=[35minfs[0m [36msolver_timeout[0m=[35m60.00s[0m
[2m2026-09-17T11:42:27.252076[0m [[32m[1minfo     [0m] [1mAnalysis started              [0m [36mgroup[0m=[35mContracts[0m
[2m2026-09-17T11:42:27.253131[0m [[32m[1minfo     [0m] [1mPhase 0 analysis started      [0m [36mgroup[0m=[35mContracts[0m
[2m2026-09-17T11:42:27.253303[0m [[32m[1minfo     [0m] [1mCompiling and analyzing contracts using Slither...[0m [36mgroup[0m=[35mContracts[0m [36mpath[0m=[35m/dataset/fixes/OptionsContract_fix[0m [36mphase[0m=[35m0[0m [36mrepo[0m=[35mOptionsContract_fix[0m
[2m2026-09-17T11:42:27.254766[0m [[32m[1minfo     [0m] [1m'/root/.solc-select/artifacts/solc-0.5.10/solc-0.5.10 --version' running[0m
[2m2026-09-17T11:42:27.290176[0m [[32m[1minfo     [0m] [1m'/root/.solc-select/artifacts/solc-0.5.10/solc-0.5.10 OptionsContract_fix.sol --combined-json abi,ast,bin,bin-runtime,srcmap,srcmap-runtime,userdoc,devdoc,hashes,compact-format --optimize --allow-paths .,/nyx' running[0m
[2m2026-09-17T11:42:29.054929[0m [[32m[1minfo     [0m] [1mPhase 0 analysis finished     [0m [36mgroup[0m=[35mContracts[0m [36mpairs[0m=[35m595[0m [36mtime[0m=[35m1.80s[0m
[2m2026-09-17T11:42:29.055341[0m [[32m[1minfo     [0m] [1mPhase 1 analysis started      [0m [36mgroup[0m=[35mContracts[0m
[2m2026-09-17T11:42:29.342977[0m [[32m[1minfo     [0m] [1mHybrid flow graph built       [0m [36mgroup[0m=[35mContracts[0m [36mphase[0m=[35m1[0m [36mtime[0m=[35m0.29s[0m
[2m2026-09-17T11:42:30.766716[0m [[32m[1minfo     [0m] [1mPotential vulnerable function pairs collected[0m [36mgroup[0m=[35mContracts[0m [36mpairs[0m=[35m17[0m [36mphase[0m=[35m1[0m [36mtime[0m=[35m1.42s[0m
[2m2026-09-17T11:42:30.768140[0m [[32m[1minfo     [0m] [1mPhase 1 analysis finished     [0m [36mgroup[0m=[35mContracts[0m [36mpairs[0m=[35m17[0m [36mtime[0m=[35m1.71s[0m
[2m2026-09-17T11:42:30.768365[0m [[32m[1minfo     [0m] [1mPhase 2 analysis started      [0m [36mgroup[0m=[35mContracts[0m
[2m2026-09-17T11:42:30.797110[0m [[32m[1minfo     [0m] [1mValidating 1/17               [0m [36mfn1[0m=[35mOptionsContract.transferFee(address)[0m [36mfn2[0m=[35mOptionsContract.transferFee(address)[0m [36mgroup[0m=[35mContracts[0m [36mphase[0m=[35m2[0m
[2m2026-09-17T11:42:31.065071[0m [[32m[1minfo     [0m] [1mValidated 1/17                [0m [36mfn1[0m=[35mOptionsContract.transferFee(address)[0m [36mfn2[0m=[35mOptionsContract.transferFee(address)[0m [36mgroup[0m=[35mContracts[0m [36mphase[0m=[35m2[0m [36mresult[0m=[35msafe[0m [36mtime[0m=[35m0.27s[0m
[2m2026-09-17T11:42:31.065447[0m [[32m[1minfo     [0m] [1mValidating 2/17               [0m [36mfn1[0m=[35mOptionsContract.transferFee(address)[0m [36mfn2[0m=[35mOptionsContract.exercise(uint256,address[])[0m [36mgroup[0m=[35mContracts[0m [36mphase[0m=[35m2[0m
[2m2026-09-17T11:42:38.118584[0m [[32m[1minfo     [0m] [1mValidated 2/17                [0m [36mfn1[0m=[35mOptionsContract.transferFee(address)[0m [36mfn2[0m=[35mOptionsContract.exercise(uint256,address[])[0m [36mgroup[0m=[35mContracts[0m [36mphase[0m=[35m2[0m [36mresult[0m=[35mvulnerable[0m [36mtime[0m=[35m7.05s[0m
[2m2026-09-17T11:42:38.119930[0m [[32m[1minfo     [0m] [1mValidating 3/17               [0m [36mfn1[0m=[35mOptionsContract.exercise(uint256,address[])[0m [36mfn2[0m=[35mOptionsContract.exercise(uint256,address[])[0m [36mgroup[0m=[35mContracts[0m [36mphase[0m=[35m2[0m
[2m2026-09-17T11:43:40.175082[0m [[32m[1minfo     [0m] [1mValidated 3/17                [0m [36mfn1[0m=[35mOptionsContract.exercise(uint256,address[])[0m [36mfn2[0m=[35mOptionsContract.exercise(uint256,address[])[0m [36mgroup[0m=[35mContracts[0m [36mphase[0m=[35m2[0m [36mresult[0m=[35msolver_timeout[0m [36mtime[0m=[35m62.05s[0m
[2m2026-09-17T11:43:40.177589[0m [[32m[1minfo     [0m] [1mValidating 4/17               [0m [36mfn1[0m=[35mOptionsContract.exercise(uint256,address[])[0m [36mfn2[0m=[35mOptionsContract.removeUnderlying()[0m [36mgroup[0m=[35mContracts[0m [36mphase[0m=[35m2[0m
[2m2026-09-17T11:43:49.343161[0m [[32m[1minfo     [0m] [1mValidated 4/17                [0m [36mfn1[0m=[35mOptionsContract.exercise(uint256,address[])[0m [36mfn2[0m=[35mOptionsContract.removeUnderlying()[0m [36mgroup[0m=[35mContracts[0m [36mphase[0m=[35m2[0m [36mresult[0m=[35mvulnerable[0m [36mtime[0m=[35m9.16s[0m
[2m2026-09-17T11:43:49.344350[0m [[32m[1minfo     [0m] [1mValidating 5/17               [0m [36mfn1[0m=[35mOptionsContract.exercise(uint256,address[])[0m [36mfn2[0m=[35mOptionsContract.removeCollateral(uint256)[0m [36mgroup[0m=[35mContracts[0m [36mphase[0m=[35m2[0m
[2m2026-09-17T11:44:18.307283[0m [[32m[1minfo     [0m] [1mValidated 5/17                [0m [36mfn1[0m=[35mOptionsContract.exercise(uint256,address[])[0m [36mfn2[0m=[35mOptionsContract.removeCollateral(uint256)[0m [36mgroup[0m=[35mContracts[0m [36mphase[0m=[35m2[0m [36mresult[0m=[35mvulnerable[0m [36mtime[0m=[35m28.96s[0m
[2m2026-09-17T11:44:18.309592[0m [[32m[1minfo     [0m] [1mValidating 6/17               [0m [36mfn1[0m=[35mOptionsContract.exercise(uint256,address[])[0m [36mfn2[0m=[35mOptionsContract.redeemVaultBalance()[0m [36mgroup[0m=[35mContracts[0m [36mphase[0m=[35m2[0m
[2m2026-09-17T11:44:40.974718[0m [[32m[1minfo     [0m] [1mValidated 6/17                [0m [36mfn1[0m=[35mOptionsContract.exercise(uint256,address[])[0m [36mfn2[0m=[35mOptionsContract.redeemVaultBalance()[0m [36mgroup[0m=[35mContracts[0m [36mphase[0m=[35m2[0m [36mresult[0m=[35mvulnerable[0m [36mtime[0m=[35m22.66s[0m
[2m2026-09-17T11:44:40.979706[0m [[32m[1minfo     [0m] [1mValidating 7/17               [0m [36mfn1[0m=[35mOptionsContract.exercise(uint256,address[])[0m [36mfn2[0m=[35mOptionsContract.liquidate(address,uint256)[0m [36mgroup[0m=[35mContracts[0m [36mphase[0m=[35m2[0m
[2m2026-09-17T11:45:44.526834[0m [[32m[1minfo     [0m] [1mValidated 7/17                [0m [36mfn1[0m=[35mOptionsContract.exercise(uint256,address[])[0m [36mfn2[0m=[35mOptionsContract.liquidate(address,uint256)[0m [36mgroup[0m=[35mContracts[0m [36mphase[0m=[35m2[0m [36mresult[0m=[35msolver_timeout[0m [36mtime[0m=[35m63.54s[0m
[2m2026-09-17T11:45:44.529721[0m [[32m[1minfo     [0m] [1mValidating 8/17               [0m [36mfn1[0m=[35mOptionsContract.removeUnderlying()[0m [36mfn2[0m=[35mOptionsContract.removeUnderlying()[0m [36mgroup[0m=[35mContracts[0m [36mphase[0m=[35m2[0m
[2m2026-09-17T11:45:44.703240[0m [[32m[1minfo     [0m] [1mValidated 8/17                [0m [36mfn1[0m=[35mOptionsContract.removeUnderlying()[0m [36mfn2[0m=[35mOptionsContract.removeUnderlying()[0m [36mgroup[0m=[35mContracts[0m [36mphase[0m=[35m2[0m [36mresult[0m=[35msafe[0m [36mtime[0m=[35m0.17s[0m
[2m2026-09-17T11:45:44.704498[0m [[32m[1minfo     [0m] [1mValidating 9/17               [0m [36mfn1[0m=[35mOptionsContract.removeUnderlying()[0m [36mfn2[0m=[35mOptionsContract.removeCollateral(uint256)[0m [36mgroup[0m=[35mContracts[0m [36mphase[0m=[35m2[0m
[2m2026-09-17T11:45:45.143097[0m [[32m[1minfo     [0m] [1mValidated 9/17                [0m [36mfn1[0m=[35mOptionsContract.removeUnderlying()[0m [36mfn2[0m=[35mOptionsContract.removeCollateral(uint256)[0m [36mgroup[0m=[35mContracts[0m [36mphase[0m=[35m2[0m [36mresult[0m=[35msafe[0m [36mtime[0m=[35m0.44s[0m
[2m2026-09-17T11:45:45.144416[0m [[32m[1minfo     [0m] [1mValidating 10/17              [0m [36mfn1[0m=[35mOptionsContract.removeUnderlying()[0m [36mfn2[0m=[35mOptionsContract.redeemVaultBalance()[0m [36mgroup[0m=[35mContracts[0m [36mphase[0m=[35m2[0m
[2m2026-09-17T11:45:45.301885[0m [[32m[1minfo     [0m] [1mValidated 10/17               [0m [36mfn1[0m=[35mOptionsContract.removeUnderlying()[0m [36mfn2[0m=[35mOptionsContract.redeemVaultBalance()[0m [36mgroup[0m=[35mContracts[0m [36mphase[0m=[35m2[0m [36mresult[0m=[35msafe[0m [36mtime[0m=[35m0.16s[0m
[2m2026-09-17T11:45:45.302219[0m [[32m[1minfo     [0m] [1mValidating 11/17              [0m [36mfn1[0m=[35mOptionsContract.removeUnderlying()[0m [36mfn2[0m=[35mOptionsContract.liquidate(address,uint256)[0m [36mgroup[0m=[35mContracts[0m [36mphase[0m=[35m2[0m
[2m2026-09-17T11:45:56.469072[0m [[32m[1minfo     [0m] [1mValidated 11/17               [0m [36mfn1[0m=[35mOptionsContract.removeUnderlying()[0m [36mfn2[0m=[35mOptionsContract.liquidate(address,uint256)[0m [36mgroup[0m=[35mContracts[0m [36mphase[0m=[35m2[0m [36mresult[0m=[35msafe[0m [36mtime[0m=[35m11.17s[0m
[2m2026-09-17T11:45:56.470360[0m [[32m[1minfo     [0m] [1mValidating 12/17              [0m [36mfn1[0m=[35mOptionsContract.removeCollateral(uint256)[0m [36mfn2[0m=[35mOptionsContract.removeCollateral(uint256)[0m [36mgroup[0m=[35mContracts[0m [36mphase[0m=[35m2[0m
[2m2026-09-17T11:45:57.582120[0m [[32m[1minfo     [0m] [1mValidated 12/17               [0m [36mfn1[0m=[35mOptionsContract.removeCollateral(uint256)[0m [36mfn2[0m=[35mOptionsContract.removeCollateral(uint256)[0m [36mgroup[0m=[35mContracts[0m [36mphase[0m=[35m2[0m [36mresult[0m=[35mvulnerable[0m [36mtime[0m=[35m1.11s[0m
[2m2026-09-17T11:45:57.582503[0m [[32m[1minfo     [0m] [1mValidating 13/17              [0m [36mfn1[0m=[35mOptionsContract.removeCollateral(uint256)[0m [36mfn2[0m=[35mOptionsContract.redeemVaultBalance()[0m [36mgroup[0m=[35mContracts[0m [36mphase[0m=[35m2[0m
[2m2026-09-17T11:45:57.891650[0m [[32m[1minfo     [0m] [1mValidated 13/17               [0m [36mfn1[0m=[35mOptionsContract.removeCollateral(uint256)[0m [36mfn2[0m=[35mOptionsContract.redeemVaultBalance()[0m [36mgroup[0m=[35mContracts[0m [36mphase[0m=[35m2[0m [36mresult[0m=[35msafe[0m [36mtime[0m=[35m0.31s[0m
[2m2026-09-17T11:45:57.891994[0m [[32m[1minfo     [0m] [1mValidating 14/17              [0m [36mfn1[0m=[35mOptionsContract.removeCollateral(uint256)[0m [36mfn2[0m=[35mOptionsContract.liquidate(address,uint256)[0m [36mgroup[0m=[35mContracts[0m [36mphase[0m=[35m2[0m
[2m2026-09-17T11:46:09.418673[0m [[32m[1minfo     [0m] [1mValidated 14/17               [0m [36mfn1[0m=[35mOptionsContract.removeCollateral(uint256)[0m [36mfn2[0m=[35mOptionsContract.liquidate(address,uint256)[0m [36mgroup[0m=[35mContracts[0m [36mphase[0m=[35m2[0m [36mresult[0m=[35mvulnerable[0m [36mtime[0m=[35m11.53s[0m
[2m2026-09-17T11:46:09.419990[0m [[32m[1minfo     [0m] [1mValidating 15/17              [0m [36mfn1[0m=[35mOptionsContract.redeemVaultBalance()[0m [36mfn2[0m=[35mOptionsContract.redeemVaultBalance()[0m [36mgroup[0m=[35mContracts[0m [36mphase[0m=[35m2[0m
[2m2026-09-17T11:46:09.678428[0m [[32m[1minfo     [0m] [1mValidated 15/17               [0m [36mfn1[0m=[35mOptionsContract.redeemVaultBalance()[0m [36mfn2[0m=[35mOptionsContract.redeemVaultBalance()[0m [36mgroup[0m=[35mContracts[0m [36mphase[0m=[35m2[0m [36mresult[0m=[35msafe[0m [36mtime[0m=[35m0.26s[0m
[2m2026-09-17T11:46:09.678734[0m [[32m[1minfo     [0m] [1mValidating 16/17              [0m [36mfn1[0m=[35mOptionsContract.redeemVaultBalance()[0m [36mfn2[0m=[35mOptionsContract.liquidate(address,uint256)[0m [36mgroup[0m=[35mContracts[0m [36mphase[0m=[35m2[0m
[2m2026-09-17T11:46:10.555364[0m [[32m[1minfo     [0m] [1mValidated 16/17               [0m [36mfn1[0m=[35mOptionsContract.redeemVaultBalance()[0m [36mfn2[0m=[35mOptionsContract.liquidate(address,uint256)[0m [36mgroup[0m=[35mContracts[0m [36mphase[0m=[35m2[0m [36mresult[0m=[35msafe[0m [36mtime[0m=[35m0.88s[0m
[2m2026-09-17T11:46:10.555857[0m [[32m[1minfo     [0m] [1mValidating 17/17              [0m [36mfn1[0m=[35mOptionsContract.liquidate(address,uint256)[0m [36mfn2[0m=[35mOptionsContract.liquidate(address,uint256)[0m [36mgroup[0m=[35mContracts[0m [36mphase[0m=[35m2[0m
[2m2026-09-17T11:47:11.877784[0m [[32m[1minfo     [0m] [1mValidated 17/17               [0m [36mfn1[0m=[35mOptionsContract.liquidate(address,uint256)[0m [36mfn2[0m=[35mOptionsContract.liquidate(address,uint256)[0m [36mgroup[0m=[35mContracts[0m [36mphase[0m=[35m2[0m [36mresult[0m=[35msolver_timeout[0m [36mtime[0m=[35m61.32s[0m
[2m2026-09-17T11:47:11.881437[0m [[32m[1minfo     [0m] [1mPhase 2 analysis finished     [0m [36mgroup[0m=[35mContracts[0m [36mnegatives[0m=[35m8[0m [36mpositives[0m=[35m6[0m [36mtime[0m=[35m281.11s[0m [36munknowns[0m=[35m3[0m
[2m2026-09-17T11:47:11.885845[0m [[32m[1minfo     [0m] [1mAnalysis result written       [0m [36mgroup[0m=[35mContracts[0m [36moutput[0m=[35mresult.json[0m
[2m2026-09-17T11:47:11.887439[0m [[32m[1minfo     [0m] [1mAnalysis finished             [0m [36mgroup[0m=[35mContracts[0m [36mpairs[0m=[35m6[0m [36mtime[0m=[35m284.63535714149475[0m
[2m2026-09-17T11:47:11.891073[0m [[32m[1minfo     [0m] [1mProfiling result              [0m [36mresult[0m=[35m'{"total_time": 284.63765120506287, "phase0_time": 1.800553321838379, "phase1_time": 1.7119579315185547, "phase2_time": 281.11278676986694, "hfg_time": 0.2871978282928467, "prune_time": 1.4247534275054932, "summarization_time": 1.4653067588806152, "application_time": 8.390065670013428, "solving_time": 269.8661057949066, "full_pairs": 595, "candidate_pairs": 17, "positives": 6, "negatives": 8, "unknowns": 3}'[0m
